[med_std] START | arch=standard dim=128 layers=4 tasks=4 params=807,936 clamp=2.0 norm=rmsnorm
[med_std] pretrain 0/2000 losses=['3.994', '4.035', '4.088', '4.077'] elapsed=4s eta=0s
[med_std] pretrain 100/2000 losses=['3.656', '3.277', '2.956', '3.304'] elapsed=21s eta=396s
[med_std] pretrain 200/2000 losses=['3.642', '3.260', '2.949', '3.309'] elapsed=38s eta=342s
[med_std] pretrain 300/2000 losses=['3.634', '3.256', '2.949', '3.304'] elapsed=54s eta=306s
[med_std] pretrain 400/2000 losses=['3.633', '3.255', '2.928', '3.286'] elapsed=71s eta=282s
[med_std] pretrain 500/2000 losses=['3.482', '3.197', '2.761', '3.178'] elapsed=87s eta=262s
[med_std] pretrain 600/2000 losses=['2.895', '3.081', '2.459', '2.930'] elapsed=104s eta=241s
[med_std] pretrain 700/2000 losses=['2.585', '3.022', '2.200', '2.819'] elapsed=120s eta=222s
[med_std] pretrain 800/2000 losses=['2.423', '2.968', '1.950', '2.604'] elapsed=136s eta=204s
[med_std] pretrain 900/2000 losses=['2.338', '2.824', '1.747', '2.520'] elapsed=154s eta=188s
[med_std] pretrain 1000/2000 losses=['2.257', '2.718', '1.574', '2.352'] elapsed=172s eta=171s
[med_std] pretrain 1100/2000 losses=['2.199', '2.626', '1.459', '2.210'] elapsed=190s eta=155s
[med_std] pretrain 1200/2000 losses=['2.153', '2.590', '1.249', '2.041'] elapsed=210s eta=140s
[med_std] pretrain 1300/2000 losses=['2.104', '2.409', '1.132', '1.804'] elapsed=229s eta=123s
[med_std] pretrain 1400/2000 losses=['2.046', '2.338', '0.971', '1.574'] elapsed=247s eta=105s
[med_std] pretrain 1500/2000 losses=['1.985', '2.186', '0.872', '1.395'] elapsed=265s eta=88s
[med_std] pretrain 1600/2000 losses=['1.916', '2.099', '0.711', '1.273'] elapsed=283s eta=71s
[med_std] pretrain 1700/2000 losses=['1.839', '1.831', '0.605', '1.159'] elapsed=300s eta=53s
[med_std] pretrain 1800/2000 losses=['1.759', '1.660', '0.478', '1.111'] elapsed=317s eta=35s
[med_std] pretrain 1900/2000 losses=['1.688', '1.488', '0.403', '1.099'] elapsed=335s eta=17s
[med_std] pretrain DONE in 352s final=['1.6622', '1.3204', '0.3135', '1.0803']
[med_std] Math 0/1500 losses=['1.673', '1.340', '0.331', '1.080'] elapsed=4s eta=0s
[med_std] Math 100/1500 losses=['1.573', '2.427', '0.861', '1.491'] elapsed=18s eta=254s
[med_std] Math 200/1500 losses=['1.553', '3.449', '1.733', '2.134'] elapsed=33s eta=213s
[med_std] Math 300/1500 losses=['1.548', '4.260', '2.701', '2.769'] elapsed=48s eta=192s
[med_std] Math 400/1500 losses=['1.548', '5.401', '3.795', '3.729'] elapsed=63s eta=172s
[med_std] Math 500/1500 losses=['1.543', '5.783', '4.513', '3.967'] elapsed=77s eta=154s
[med_std] Math 600/1500 losses=['1.532', '6.884', '5.652', '4.800'] elapsed=92s eta=138s
[med_std] Math 700/1500 losses=['1.525', '6.869', '6.058', '5.034'] elapsed=107s eta=122s
[med_std] Math 800/1500 losses=['1.527', '7.699', '6.406', '5.652'] elapsed=121s eta=106s
[med_std] Math 900/1500 losses=['1.520', '7.988', '6.810', '5.853'] elapsed=135s eta=90s
[med_std] Math 1000/1500 losses=['1.513', '8.051', '7.036', '5.814'] elapsed=149s eta=74s
[med_std] Math 1100/1500 losses=['1.509', '8.365', '7.354', '5.971'] elapsed=164s eta=59s
[med_std] Math 1200/1500 losses=['1.515', '8.385', '7.348', '6.032'] elapsed=178s eta=44s
[med_std] Math 1300/1500 losses=['1.507', '8.260', '7.384', '5.948'] elapsed=193s eta=30s
[med_std] Math 1400/1500 losses=['1.509', '8.574', '7.583', '6.031'] elapsed=207s eta=15s
[med_std] Math DONE in 222s final=['1.5075', '8.5499', '7.7303', '6.1262']
[med_std] Code 0/1500 losses=['1.501', '7.970', '7.369', '5.822'] elapsed=4s eta=0s
[med_std] Code 100/1500 losses=['3.604', '0.942', '2.028', '2.810'] elapsed=19s eta=265s
[med_std] Code 200/1500 losses=['3.696', '0.672', '3.132', '3.444'] elapsed=34s eta=218s
[med_std] Code 300/1500 losses=['3.662', '0.570', '3.852', '3.926'] elapsed=49s eta=196s
[med_std] Code 400/1500 losses=['3.772', '0.472', '4.101', '4.159'] elapsed=65s eta=177s
[med_std] Code 500/1500 losses=['3.899', '0.430', '4.352', '4.518'] elapsed=79s eta=158s
[med_std] Code 600/1500 losses=['3.917', '0.389', '4.431', '4.712'] elapsed=94s eta=141s
[med_std] Code 700/1500 losses=['4.285', '0.358', '4.532', '5.050'] elapsed=109s eta=124s
[med_std] Code 800/1500 losses=['4.352', '0.340', '4.609', '5.103'] elapsed=124s eta=108s
[med_std] Code 900/1500 losses=['4.254', '0.317', '4.897', '5.084'] elapsed=138s eta=92s
[med_std] Code 1000/1500 losses=['4.703', '0.309', '4.830', '5.429'] elapsed=153s eta=76s
[med_std] Code 1100/1500 losses=['4.505', '0.274', '4.888', '5.560'] elapsed=168s eta=61s
[med_std] Code 1200/1500 losses=['4.930', '0.278', '4.730', '5.711'] elapsed=183s eta=45s
[med_std] Code 1300/1500 losses=['5.044', '0.256', '4.860', '6.004'] elapsed=196s eta=30s
[med_std] Code 1400/1500 losses=['5.095', '0.263', '5.083', '5.736'] elapsed=211s eta=15s
[med_std] Code DONE in 225s final=['5.0077', '0.2527', '5.0114', '5.8696']
[med_std] Logic 0/1500 losses=['5.046', '0.259', '4.645', '5.842'] elapsed=4s eta=0s
[med_std] Logic 100/1500 losses=['5.843', '3.195', '0.183', '5.510'] elapsed=18s eta=256s
[med_std] Logic 200/1500 losses=['6.360', '3.451', '0.172', '5.829'] elapsed=32s eta=209s
[med_std] Logic 300/1500 losses=['6.882', '4.021', '0.166', '5.968'] elapsed=47s eta=186s
[med_std] Logic 400/1500 losses=['6.681', '4.037', '0.163', '6.041'] elapsed=61s eta=167s
[med_std] Logic 500/1500 losses=['6.916', '4.468', '0.158', '6.146'] elapsed=76s eta=151s
[med_std] Logic 600/1500 losses=['6.939', '4.687', '0.156', '6.204'] elapsed=90s eta=135s
[med_std] Logic 700/1500 losses=['6.822', '4.798', '0.155', '6.218'] elapsed=105s eta=119s
[med_std] Logic 800/1500 losses=['6.827', '5.067', '0.151', '6.295'] elapsed=120s eta=105s
[med_std] Logic 900/1500 losses=['7.214', '5.124', '0.148', '6.284'] elapsed=136s eta=90s
[med_std] Logic 1000/1500 losses=['7.152', '5.285', '0.148', '6.418'] elapsed=150s eta=75s
[med_std] Logic 1100/1500 losses=['7.413', '5.314', '0.147', '6.533'] elapsed=164s eta=59s
[med_std] Logic 1200/1500 losses=['7.441', '5.313', '0.148', '6.625'] elapsed=179s eta=45s
[med_std] Logic 1300/1500 losses=['7.436', '5.187', '0.147', '6.535'] elapsed=195s eta=30s
[med_std] Logic 1400/1500 losses=['7.482', '5.564', '0.144', '6.579'] elapsed=209s eta=15s
[med_std] Logic DONE in 223s final=['7.9127', '5.9367', '0.1452', '6.7191']
[med_std] Spell 0/1500 losses=['7.494', '5.858', '0.147', '6.243'] elapsed=4s eta=0s
[med_std] Spell 100/1500 losses=['6.611', '6.086', '2.678', '1.027'] elapsed=19s eta=263s
[med_std] Spell 200/1500 losses=['6.465', '5.430', '2.010', '0.936'] elapsed=34s eta=220s
[med_std] Spell 300/1500 losses=['5.892', '5.398', '2.063', '0.835'] elapsed=48s eta=193s
[med_std] Spell 400/1500 losses=['6.261', '5.272', '2.453', '0.741'] elapsed=63s eta=172s
[med_std] Spell 500/1500 losses=['6.421', '5.354', '2.944', '0.706'] elapsed=77s eta=154s
[med_std] Spell 600/1500 losses=['6.604', '5.528', '3.125', '0.663'] elapsed=92s eta=138s
[med_std] Spell 700/1500 losses=['7.108', '5.530', '3.064', '0.646'] elapsed=107s eta=121s
[med_std] Spell 800/1500 losses=['7.320', '5.569', '3.289', '0.630'] elapsed=121s eta=105s
[med_std] Spell 900/1500 losses=['7.249', '5.806', '3.569', '0.612'] elapsed=135s eta=90s
[med_std] Spell 1000/1500 losses=['7.250', '5.852', '3.495', '0.598'] elapsed=150s eta=75s
[med_std] Spell 1100/1500 losses=['7.209', '6.113', '4.003', '0.588'] elapsed=165s eta=60s
[med_std] Spell 1200/1500 losses=['7.071', '6.051', '3.991', '0.568'] elapsed=180s eta=45s
[med_std] Spell 1300/1500 losses=['6.993', '6.282', '4.161', '0.562'] elapsed=194s eta=30s
[med_std] Spell 1400/1500 losses=['7.225', '6.048', '4.314', '0.547'] elapsed=210s eta=15s
[med_std] Spell DONE in 224s final=['7.3127', '6.3514', '4.3560', '0.5406']
[med_std] FINISHED in 1246s (20.8min)
[med_std] Saved results to /home/ubuntu/DoubleO/scripts/../data/sweep/med_std.json
