[med_do_noclamp] START | arch=doubleo dim=128 layers=4 tasks=4 params=806,784 clamp=0.0 norm=rmsnorm
[med_do_noclamp] pretrain 0/2000 losses=['4.027', '4.013', '4.171', '4.143'] elapsed=5s eta=0s
[med_do_noclamp] pretrain 100/2000 losses=['2.655', '3.049', '2.590', '3.064'] elapsed=25s eta=479s
[med_do_noclamp] pretrain 200/2000 losses=['2.614', '3.044', '2.539', '2.843'] elapsed=47s eta=422s
[med_do_noclamp] pretrain 300/2000 losses=['2.596', '3.028', '2.513', '2.826'] elapsed=69s eta=387s
[med_do_noclamp] pretrain 400/2000 losses=['2.588', '3.028', '2.452', '2.820'] elapsed=89s eta=356s
[med_do_noclamp] pretrain 500/2000 losses=['2.583', '3.007', '2.141', '2.787'] elapsed=112s eta=336s
[med_do_noclamp] pretrain 600/2000 losses=['2.548', '2.868', '1.757', '2.499'] elapsed=133s eta=310s
[med_do_noclamp] pretrain 700/2000 losses=['2.381', '2.755', '1.384', '2.392'] elapsed=155s eta=287s
[med_do_noclamp] pretrain 800/2000 losses=['2.311', '2.697', '1.097', '2.328'] elapsed=177s eta=264s
[med_do_noclamp] pretrain 900/2000 losses=['2.287', '2.566', '0.914', '2.286'] elapsed=198s eta=241s
[med_do_noclamp] pretrain 1000/2000 losses=['2.263', '2.464', '0.826', '2.214'] elapsed=220s eta=219s
[med_do_noclamp] pretrain 1100/2000 losses=['2.233', '2.357', '0.757', '2.175'] elapsed=241s eta=197s
[med_do_noclamp] pretrain 1200/2000 losses=['2.203', '2.281', '0.714', '2.113'] elapsed=262s eta=175s
[med_do_noclamp] pretrain 1300/2000 losses=['2.169', '2.137', '0.681', '2.056'] elapsed=285s eta=153s
[med_do_noclamp] pretrain 1400/2000 losses=['2.110', '2.011', '0.652', '1.994'] elapsed=306s eta=131s
[med_do_noclamp] pretrain 1500/2000 losses=['2.061', '1.913', '0.642', '1.942'] elapsed=326s eta=108s
[med_do_noclamp] pretrain 1600/2000 losses=['2.023', '1.817', '0.630', '1.908'] elapsed=348s eta=87s
[med_do_noclamp] pretrain 1700/2000 losses=['1.969', '1.713', '0.612', '1.864'] elapsed=369s eta=65s
[med_do_noclamp] pretrain 1800/2000 losses=['1.923', '1.564', '0.606', '1.823'] elapsed=390s eta=43s
[med_do_noclamp] pretrain 1900/2000 losses=['1.875', '1.462', '0.601', '1.802'] elapsed=412s eta=21s
[med_do_noclamp] pretrain DONE in 433s final=['1.8540', '1.3116', '0.5946', '1.7619']
[med_do_noclamp] Math 0/1500 losses=['1.879', '1.309', '0.595', '1.764'] elapsed=5s eta=0s
[med_do_noclamp] Math 100/1500 losses=['3.146', '3.703', '0.625', '6.972'] elapsed=26s eta=363s
[med_do_noclamp] Math 200/1500 losses=['3.080', '3.816', '0.631', '7.052'] elapsed=47s eta=302s
[med_do_noclamp] Math 300/1500 losses=['3.009', '4.041', '0.636', '7.160'] elapsed=65s eta=261s
[med_do_noclamp] Math 400/1500 losses=['2.986', '4.445', '0.635', '7.189'] elapsed=84s eta=230s
[med_do_noclamp] Math 500/1500 losses=['2.926', '4.307', '0.649', '7.260'] elapsed=103s eta=206s
[med_do_noclamp] Math 600/1500 losses=['2.906', '4.263', '0.642', '7.267'] elapsed=122s eta=182s
[med_do_noclamp] Math 700/1500 losses=['2.896', '4.221', '0.660', '7.295'] elapsed=141s eta=161s
[med_do_noclamp] Math 800/1500 losses=['2.898', '4.118', '0.654', '7.337'] elapsed=161s eta=141s
[med_do_noclamp] Math 900/1500 losses=['2.892', '3.733', '0.667', '7.268'] elapsed=180s eta=119s
[med_do_noclamp] Math 1000/1500 losses=['2.902', '3.116', '0.667', '7.313'] elapsed=199s eta=99s
[med_do_noclamp] Math 1100/1500 losses=['2.882', '3.031', '0.682', '7.376'] elapsed=217s eta=79s
[med_do_noclamp] Math 1200/1500 losses=['2.891', '3.159', '0.728', '7.358'] elapsed=236s eta=59s
[med_do_noclamp] Math 1300/1500 losses=['2.900', '3.622', '0.779', '7.201'] elapsed=255s eta=39s
[med_do_noclamp] Math 1400/1500 losses=['2.902', '4.111', '0.819', '7.468'] elapsed=274s eta=19s
[med_do_noclamp] Math DONE in 291s final=['2.9080', '4.3357', '0.8828', '7.4088']
[med_do_noclamp] Code 0/1500 losses=['2.882', '3.292', '0.892', '7.398'] elapsed=4s eta=0s
[med_do_noclamp] Code 100/1500 losses=['2.683', '3.272', '0.876', '5.403'] elapsed=22s eta=299s
[med_do_noclamp] Code 200/1500 losses=['2.639', '3.550', '0.896', '5.607'] elapsed=40s eta=256s
[med_do_noclamp] Code 300/1500 losses=['2.643', '3.587', '0.918', '5.800'] elapsed=57s eta=227s
[med_do_noclamp] Code 400/1500 losses=['2.638', '3.730', '0.974', '5.744'] elapsed=74s eta=204s
[med_do_noclamp] Code 500/1500 losses=['2.619', '3.826', '1.025', '5.965'] elapsed=92s eta=183s
[med_do_noclamp] Code 600/1500 losses=['2.662', '3.775', '1.081', '5.949'] elapsed=110s eta=164s
[med_do_noclamp] Code 700/1500 losses=['2.652', '3.753', '1.131', '5.910'] elapsed=127s eta=145s
[med_do_noclamp] Code 800/1500 losses=['2.645', '3.817', '1.176', '6.062'] elapsed=144s eta=126s
[med_do_noclamp] Code 900/1500 losses=['2.645', '3.839', '1.242', '6.141'] elapsed=163s eta=108s
[med_do_noclamp] Code 1000/1500 losses=['2.630', '3.944', '1.313', '6.061'] elapsed=180s eta=90s
[med_do_noclamp] Code 1100/1500 losses=['2.592', '3.900', '1.347', '6.234'] elapsed=198s eta=72s
[med_do_noclamp] Code 1200/1500 losses=['2.564', '3.948', '1.428', '6.172'] elapsed=215s eta=54s
[med_do_noclamp] Code 1300/1500 losses=['2.564', '4.017', '1.502', '6.146'] elapsed=232s eta=36s
[med_do_noclamp] Code 1400/1500 losses=['2.596', '4.117', '1.622', '6.200'] elapsed=249s eta=18s
[med_do_noclamp] Code DONE in 266s final=['2.5999', '4.2424', '1.6637', '6.1831']
[med_do_noclamp] Logic 0/1500 losses=['2.605', '4.306', '1.298', '6.271'] elapsed=4s eta=0s
[med_do_noclamp] Logic 100/1500 losses=['2.488', '5.063', '1.715', '6.613'] elapsed=22s eta=303s
[med_do_noclamp] Logic 200/1500 losses=['2.497', '5.171', '1.762', '6.764'] elapsed=39s eta=255s
[med_do_noclamp] Logic 300/1500 losses=['2.509', '5.228', '1.727', '7.108'] elapsed=57s eta=225s
[med_do_noclamp] Logic 400/1500 losses=['2.519', '5.245', '1.770', '7.079'] elapsed=75s eta=205s
[med_do_noclamp] Logic 500/1500 losses=['2.531', '5.232', '1.773', '7.122'] elapsed=92s eta=184s
[med_do_noclamp] Logic 600/1500 losses=['2.547', '5.142', '1.771', '7.166'] elapsed=109s eta=163s
[med_do_noclamp] Logic 700/1500 losses=['2.520', '5.114', '1.816', '7.235'] elapsed=127s eta=145s
[med_do_noclamp] Logic 800/1500 losses=['2.511', '5.033', '1.828', '7.209'] elapsed=144s eta=126s
[med_do_noclamp] Logic 900/1500 losses=['2.531', '4.991', '1.798', '7.310'] elapsed=162s eta=108s
[med_do_noclamp] Logic 1000/1500 losses=['2.528', '4.837', '1.888', '7.376'] elapsed=179s eta=89s
[med_do_noclamp] Logic 1100/1500 losses=['2.511', '4.866', '1.849', '7.311'] elapsed=197s eta=72s
[med_do_noclamp] Logic 1200/1500 losses=['2.518', '4.837', '1.867', '7.392'] elapsed=215s eta=54s
[med_do_noclamp] Logic 1300/1500 losses=['2.517', '4.899', '1.898', '7.520'] elapsed=232s eta=36s
[med_do_noclamp] Logic 1400/1500 losses=['2.535', '4.898', '1.912', '7.567'] elapsed=250s eta=18s
[med_do_noclamp] Logic DONE in 268s final=['2.5259', '4.9362', '1.9413', '7.6142']
[med_do_noclamp] Spell 0/1500 losses=['2.527', '4.930', '1.910', '7.377'] elapsed=4s eta=0s
[med_do_noclamp] Spell 100/1500 losses=['2.549', '5.075', '2.025', '1.123'] elapsed=22s eta=299s
[med_do_noclamp] Spell 200/1500 losses=['2.559', '4.907', '2.099', '1.066'] elapsed=40s eta=257s
[med_do_noclamp] Spell 300/1500 losses=['2.543', '4.945', '2.099', '1.042'] elapsed=58s eta=230s
[med_do_noclamp] Spell 400/1500 losses=['2.547', '4.891', '2.104', '1.030'] elapsed=76s eta=207s
[med_do_noclamp] Spell 500/1500 losses=['2.558', '4.863', '2.046', '1.017'] elapsed=93s eta=186s
[med_do_noclamp] Spell 600/1500 losses=['2.553', '4.881', '2.068', '1.011'] elapsed=111s eta=166s
[med_do_noclamp] Spell 700/1500 losses=['2.550', '4.849', '2.183', '1.014'] elapsed=129s eta=147s
[med_do_noclamp] Spell 800/1500 losses=['2.549', '4.856', '2.173', '1.009'] elapsed=147s eta=128s
[med_do_noclamp] Spell 900/1500 losses=['2.543', '4.888', '2.224', '1.005'] elapsed=165s eta=110s
[med_do_noclamp] Spell 1000/1500 losses=['2.526', '4.827', '2.274', '1.006'] elapsed=183s eta=91s
[med_do_noclamp] Spell 1100/1500 losses=['2.526', '4.898', '2.410', '1.003'] elapsed=200s eta=73s
[med_do_noclamp] Spell 1200/1500 losses=['2.549', '4.943', '2.338', '1.003'] elapsed=218s eta=54s
[med_do_noclamp] Spell 1300/1500 losses=['2.530', '4.905', '2.388', '1.004'] elapsed=236s eta=36s
[med_do_noclamp] Spell 1400/1500 losses=['2.550', '4.896', '2.377', '0.998'] elapsed=254s eta=18s
[med_do_noclamp] Spell DONE in 271s final=['2.5510', '4.9026', '2.3942', '0.9995']
[med_do_noclamp] FINISHED in 1529s (25.5min)
[med_do_noclamp] Saved results to /home/ubuntu/DoubleO/scripts/../data/sweep/med_do_noclamp.json
