[med_do_2task] START | arch=doubleo dim=128 layers=4 tasks=2 params=806,784 clamp=2.0 norm=rmsnorm
[med_do_2task] pretrain 0/2000 losses=['4.038', '4.132'] elapsed=2s eta=0s
[med_do_2task] pretrain 100/2000 losses=['2.613', '3.035'] elapsed=20s eta=377s
[med_do_2task] pretrain 200/2000 losses=['2.589', '3.006'] elapsed=37s eta=335s
[med_do_2task] pretrain 300/2000 losses=['2.570', '2.844'] elapsed=55s eta=309s
[med_do_2task] pretrain 400/2000 losses=['2.448', '2.590'] elapsed=73s eta=290s
[med_do_2task] pretrain 500/2000 losses=['2.305', '2.273'] elapsed=90s eta=271s
[med_do_2task] pretrain 600/2000 losses=['2.223', '2.058'] elapsed=108s eta=251s
[med_do_2task] pretrain 700/2000 losses=['2.113', '1.883'] elapsed=126s eta=234s
[med_do_2task] pretrain 800/2000 losses=['2.019', '1.707'] elapsed=143s eta=215s
[med_do_2task] pretrain 900/2000 losses=['1.953', '1.470'] elapsed=161s eta=196s
[med_do_2task] pretrain 1000/2000 losses=['1.900', '1.347'] elapsed=179s eta=179s
[med_do_2task] pretrain 1100/2000 losses=['1.852', '1.246'] elapsed=197s eta=161s
[med_do_2task] pretrain 1200/2000 losses=['1.802', '1.067'] elapsed=214s eta=142s
[med_do_2task] pretrain 1300/2000 losses=['1.764', '0.961'] elapsed=232s eta=125s
[med_do_2task] pretrain 1400/2000 losses=['1.704', '0.858'] elapsed=249s eta=107s
[med_do_2task] pretrain 1500/2000 losses=['1.655', '0.763'] elapsed=266s eta=88s
[med_do_2task] pretrain 1600/2000 losses=['1.614', '0.697'] elapsed=283s eta=71s
[med_do_2task] pretrain 1700/2000 losses=['1.605', '0.589'] elapsed=300s eta=53s
[med_do_2task] pretrain 1800/2000 losses=['1.579', '0.539'] elapsed=318s eta=35s
[med_do_2task] pretrain 1900/2000 losses=['1.574', '0.470'] elapsed=334s eta=17s
[med_do_2task] pretrain DONE in 352s final=['1.5647', '0.4283']
[med_do_2task] Math 0/1500 losses=['1.572', '0.419'] elapsed=2s eta=0s
[med_do_2task] Math 100/1500 losses=['1.581', '6.736'] elapsed=19s eta=256s
[med_do_2task] Math 200/1500 losses=['1.582', '7.598'] elapsed=34s eta=220s
[med_do_2task] Math 300/1500 losses=['1.582', '8.112'] elapsed=50s eta=198s
[med_do_2task] Math 400/1500 losses=['1.579', '8.519'] elapsed=66s eta=180s
[med_do_2task] Math 500/1500 losses=['1.581', '8.702'] elapsed=82s eta=163s
[med_do_2task] Math 600/1500 losses=['1.582', '8.876'] elapsed=96s eta=144s
[med_do_2task] Math 700/1500 losses=['1.590', '9.104'] elapsed=112s eta=127s
[med_do_2task] Math 800/1500 losses=['1.584', '9.102'] elapsed=128s eta=111s
[med_do_2task] Math 900/1500 losses=['1.590', '9.251'] elapsed=144s eta=96s
[med_do_2task] Math 1000/1500 losses=['1.594', '9.266'] elapsed=159s eta=79s
[med_do_2task] Math 1100/1500 losses=['1.600', '9.305'] elapsed=174s eta=63s
[med_do_2task] Math 1200/1500 losses=['1.596', '9.480'] elapsed=191s eta=48s
[med_do_2task] Math 1300/1500 losses=['1.599', '9.673'] elapsed=206s eta=32s
[med_do_2task] Math 1400/1500 losses=['1.603', '9.476'] elapsed=222s eta=16s
[med_do_2task] Math DONE in 237s final=['1.6036', '9.5524']
[med_do_2task] Code 0/1500 losses=['1.607', '9.211'] elapsed=2s eta=0s
[med_do_2task] Code 100/1500 losses=['1.600', '0.459'] elapsed=18s eta=251s
[med_do_2task] Code 200/1500 losses=['1.602', '0.367'] elapsed=33s eta=216s
[med_do_2task] Code 300/1500 losses=['1.605', '0.326'] elapsed=49s eta=194s
[med_do_2task] Code 400/1500 losses=['1.608', '0.309'] elapsed=64s eta=176s
[med_do_2task] Code 500/1500 losses=['1.616', '0.298'] elapsed=80s eta=159s
[med_do_2task] Code 600/1500 losses=['1.621', '0.280'] elapsed=95s eta=141s
[med_do_2task] Code 700/1500 losses=['1.632', '0.262'] elapsed=110s eta=125s
[med_do_2task] Code 800/1500 losses=['1.640', '0.255'] elapsed=126s eta=110s
[med_do_2task] Code 900/1500 losses=['1.639', '0.250'] elapsed=143s eta=95s
[med_do_2task] Code 1000/1500 losses=['1.660', '0.247'] elapsed=158s eta=79s
[med_do_2task] Code 1100/1500 losses=['1.668', '0.233'] elapsed=173s eta=63s
[med_do_2task] Code 1200/1500 losses=['1.685', '0.215'] elapsed=189s eta=47s
[med_do_2task] Code 1300/1500 losses=['1.678', '0.216'] elapsed=205s eta=31s
[med_do_2task] Code 1400/1500 losses=['1.682', '0.218'] elapsed=220s eta=16s
[med_do_2task] Code DONE in 236s final=['1.6878', '0.2138']
[med_do_2task] FINISHED in 825s (13.7min)
[med_do_2task] Saved results to /home/ubuntu/DoubleO/scripts/../data/sweep/med_do_2task.json
