[med_do_ln] START | arch=doubleo dim=128 layers=4 tasks=4 params=807,936 clamp=2.0 norm=layernorm
[med_do_ln] pretrain 0/2000 losses=['3.985', '4.164', '4.146', '4.182'] elapsed=5s eta=0s
[med_do_ln] pretrain 100/2000 losses=['2.659', '3.042', '2.584', '3.072'] elapsed=28s eta=523s
[med_do_ln] pretrain 200/2000 losses=['2.610', '3.038', '2.536', '2.844'] elapsed=49s eta=436s
[med_do_ln] pretrain 300/2000 losses=['2.596', '3.021', '2.510', '2.827'] elapsed=70s eta=398s
[med_do_ln] pretrain 400/2000 losses=['2.586', '3.018', '2.374', '2.821'] elapsed=92s eta=367s
[med_do_ln] pretrain 500/2000 losses=['2.572', '3.054', '1.990', '2.734'] elapsed=113s eta=340s
[med_do_ln] pretrain 600/2000 losses=['2.481', '2.777', '1.666', '2.433'] elapsed=136s eta=316s
[med_do_ln] pretrain 700/2000 losses=['2.344', '2.657', '1.364', '2.328'] elapsed=157s eta=291s
[med_do_ln] pretrain 800/2000 losses=['2.294', '2.599', '1.128', '2.260'] elapsed=178s eta=266s
[med_do_ln] pretrain 900/2000 losses=['2.276', '2.479', '0.928', '2.192'] elapsed=200s eta=244s
[med_do_ln] pretrain 1000/2000 losses=['2.253', '2.388', '0.854', '2.139'] elapsed=222s eta=221s
[med_do_ln] pretrain 1100/2000 losses=['2.224', '2.323', '0.765', '2.080'] elapsed=242s eta=198s
[med_do_ln] pretrain 1200/2000 losses=['2.199', '2.177', '0.724', '2.015'] elapsed=265s eta=176s
[med_do_ln] pretrain 1300/2000 losses=['2.157', '2.094', '0.695', '1.963'] elapsed=287s eta=154s
[med_do_ln] pretrain 1400/2000 losses=['2.118', '1.989', '0.661', '1.907'] elapsed=307s eta=131s
[med_do_ln] pretrain 1500/2000 losses=['2.065', '1.905', '0.640', '1.852'] elapsed=330s eta=110s
[med_do_ln] pretrain 1600/2000 losses=['2.012', '1.784', '0.617', '1.779'] elapsed=352s eta=88s
[med_do_ln] pretrain 1700/2000 losses=['1.966', '1.687', '0.608', '1.740'] elapsed=374s eta=66s
[med_do_ln] pretrain 1800/2000 losses=['1.889', '1.600', '0.593', '1.711'] elapsed=396s eta=44s
[med_do_ln] pretrain 1900/2000 losses=['1.837', '1.452', '0.590', '1.676'] elapsed=415s eta=22s
[med_do_ln] pretrain DONE in 436s final=['1.7984', '1.3130', '0.5770', '1.6399']
[med_do_ln] Math 0/1500 losses=['1.815', '1.327', '0.582', '1.642'] elapsed=5s eta=0s
[med_do_ln] Math 100/1500 losses=['2.622', '3.035', '0.615', '6.894'] elapsed=24s eta=334s
[med_do_ln] Math 200/1500 losses=['2.579', '3.451', '0.615', '7.124'] elapsed=44s eta=285s
[med_do_ln] Math 300/1500 losses=['2.561', '3.309', '0.616', '7.194'] elapsed=64s eta=255s
[med_do_ln] Math 400/1500 losses=['2.555', '3.518', '0.619', '7.206'] elapsed=83s eta=229s
[med_do_ln] Math 500/1500 losses=['2.548', '3.623', '0.630', '7.258'] elapsed=103s eta=205s
[med_do_ln] Math 600/1500 losses=['2.518', '3.722', '0.637', '7.371'] elapsed=122s eta=183s
[med_do_ln] Math 700/1500 losses=['2.483', '3.578', '0.646', '7.393'] elapsed=141s eta=161s
[med_do_ln] Math 800/1500 losses=['2.473', '3.348', '0.657', '7.456'] elapsed=160s eta=140s
[med_do_ln] Math 900/1500 losses=['2.471', '3.338', '0.680', '7.529'] elapsed=179s eta=119s
[med_do_ln] Math 1000/1500 losses=['2.442', '3.503', '0.718', '7.493'] elapsed=197s eta=98s
[med_do_ln] Math 1100/1500 losses=['2.468', '3.782', '0.736', '7.498'] elapsed=214s eta=78s
[med_do_ln] Math 1200/1500 losses=['2.470', '4.199', '0.761', '7.595'] elapsed=232s eta=58s
[med_do_ln] Math 1300/1500 losses=['2.467', '4.249', '0.789', '7.576'] elapsed=250s eta=38s
[med_do_ln] Math 1400/1500 losses=['2.466', '4.581', '0.836', '7.576'] elapsed=268s eta=19s
[med_do_ln] Math DONE in 286s final=['2.4805', '4.5454', '0.8744', '7.5039']
[med_do_ln] Code 0/1500 losses=['2.485', '3.991', '0.871', '7.524'] elapsed=4s eta=0s
[med_do_ln] Code 100/1500 losses=['2.478', '4.187', '0.945', '5.106'] elapsed=23s eta=313s
[med_do_ln] Code 200/1500 losses=['2.474', '4.139', '0.928', '5.306'] elapsed=40s eta=260s
[med_do_ln] Code 300/1500 losses=['2.486', '4.123', '0.964', '5.265'] elapsed=58s eta=231s
[med_do_ln] Code 400/1500 losses=['2.446', '4.116', '1.027', '5.378'] elapsed=76s eta=209s
[med_do_ln] Code 500/1500 losses=['2.446', '4.200', '1.047', '5.634'] elapsed=94s eta=187s
[med_do_ln] Code 600/1500 losses=['2.449', '4.193', '1.086', '5.533'] elapsed=111s eta=167s
[med_do_ln] Code 700/1500 losses=['2.459', '4.274', '1.139', '5.628'] elapsed=129s eta=147s
[med_do_ln] Code 800/1500 losses=['2.466', '4.340', '1.176', '5.684'] elapsed=147s eta=128s
[med_do_ln] Code 900/1500 losses=['2.447', '4.268', '1.181', '5.584'] elapsed=164s eta=109s
[med_do_ln] Code 1000/1500 losses=['2.431', '4.286', '1.191', '5.794'] elapsed=181s eta=90s
[med_do_ln] Code 1100/1500 losses=['2.427', '4.285', '1.217', '5.839'] elapsed=199s eta=72s
[med_do_ln] Code 1200/1500 losses=['2.419', '4.276', '1.272', '5.707'] elapsed=217s eta=54s
[med_do_ln] Code 1300/1500 losses=['2.430', '4.246', '1.290', '5.820'] elapsed=235s eta=36s
[med_do_ln] Code 1400/1500 losses=['2.438', '4.258', '1.291', '5.689'] elapsed=252s eta=18s
[med_do_ln] Code DONE in 270s final=['2.4457', '4.2194', '1.3274', '5.8271']
[med_do_ln] Logic 0/1500 losses=['2.445', '4.206', '1.090', '5.791'] elapsed=4s eta=0s
[med_do_ln] Logic 100/1500 losses=['2.462', '4.602', '1.610', '6.370'] elapsed=21s eta=296s
[med_do_ln] Logic 200/1500 losses=['2.452', '4.467', '1.554', '6.494'] elapsed=39s eta=252s
[med_do_ln] Logic 300/1500 losses=['2.436', '4.496', '1.566', '6.610'] elapsed=57s eta=226s
[med_do_ln] Logic 400/1500 losses=['2.450', '4.465', '1.619', '6.668'] elapsed=75s eta=206s
[med_do_ln] Logic 500/1500 losses=['2.449', '4.398', '1.594', '6.899'] elapsed=93s eta=185s
[med_do_ln] Logic 600/1500 losses=['2.445', '4.483', '1.643', '6.874'] elapsed=112s eta=167s
[med_do_ln] Logic 700/1500 losses=['2.419', '4.537', '1.658', '6.908'] elapsed=130s eta=148s
[med_do_ln] Logic 800/1500 losses=['2.432', '4.503', '1.650', '7.013'] elapsed=148s eta=129s
[med_do_ln] Logic 900/1500 losses=['2.428', '4.458', '1.645', '7.036'] elapsed=166s eta=110s
[med_do_ln] Logic 1000/1500 losses=['2.425', '4.502', '1.638', '7.045'] elapsed=184s eta=92s
[med_do_ln] Logic 1100/1500 losses=['2.416', '4.541', '1.697', '7.042'] elapsed=201s eta=73s
[med_do_ln] Logic 1200/1500 losses=['2.420', '4.583', '1.672', '7.182'] elapsed=219s eta=55s
[med_do_ln] Logic 1300/1500 losses=['2.406', '4.595', '1.683', '7.076'] elapsed=238s eta=36s
[med_do_ln] Logic 1400/1500 losses=['2.415', '4.593', '1.726', '7.313'] elapsed=255s eta=18s
[med_do_ln] Logic DONE in 273s final=['2.4097', '4.6303', '1.7266', '7.2376']
[med_do_ln] Spell 0/1500 losses=['2.417', '4.693', '1.729', '6.960'] elapsed=4s eta=0s
[med_do_ln] Spell 100/1500 losses=['2.360', '5.544', '1.885', '1.173'] elapsed=22s eta=307s
[med_do_ln] Spell 200/1500 losses=['2.370', '5.284', '1.859', '1.091'] elapsed=40s eta=257s
[med_do_ln] Spell 300/1500 losses=['2.362', '5.411', '1.877', '1.056'] elapsed=58s eta=229s
[med_do_ln] Spell 400/1500 losses=['2.360', '5.492', '1.882', '1.045'] elapsed=76s eta=208s
[med_do_ln] Spell 500/1500 losses=['2.354', '5.404', '1.876', '1.033'] elapsed=94s eta=187s
[med_do_ln] Spell 600/1500 losses=['2.346', '5.263', '1.888', '1.004'] elapsed=111s eta=167s
[med_do_ln] Spell 700/1500 losses=['2.354', '5.338', '1.935', '1.018'] elapsed=129s eta=148s
[med_do_ln] Spell 800/1500 losses=['2.358', '5.393', '1.903', '0.990'] elapsed=148s eta=129s
[med_do_ln] Spell 900/1500 losses=['2.364', '5.420', '1.952', '0.992'] elapsed=166s eta=110s
[med_do_ln] Spell 1000/1500 losses=['2.376', '5.407', '1.988', '1.006'] elapsed=183s eta=91s
[med_do_ln] Spell 1100/1500 losses=['2.379', '5.430', '1.982', '0.967'] elapsed=200s eta=73s
[med_do_ln] Spell 1200/1500 losses=['2.375', '5.393', '2.067', '0.971'] elapsed=217s eta=54s
[med_do_ln] Spell 1300/1500 losses=['2.362', '5.397', '2.078', '0.965'] elapsed=234s eta=36s
[med_do_ln] Spell 1400/1500 losses=['2.381', '5.427', '2.075', '0.946'] elapsed=251s eta=18s
[med_do_ln] Spell DONE in 268s final=['2.3727', '5.4343', '2.1041', '0.9431']
[med_do_ln] FINISHED in 1532s (25.5min)
[med_do_ln] Saved results to /home/ubuntu/DoubleO/scripts/../data/sweep/med_do_ln.json
