[small_std] START | arch=standard dim=96 layers=3 tasks=4 params=344,448 clamp=2.0 norm=rmsnorm
[small_std] pretrain 0/2000 losses=['4.075', '4.056', '4.147', '4.129'] elapsed=2s eta=0s
[small_std] pretrain 100/2000 losses=['3.616', '3.290', '2.970', '3.316'] elapsed=9s eta=169s
[small_std] pretrain 200/2000 losses=['3.630', '3.290', '2.958', '3.307'] elapsed=15s eta=139s
[small_std] pretrain 300/2000 losses=['3.627', '3.290', '2.944', '3.286'] elapsed=23s eta=129s
[small_std] pretrain 400/2000 losses=['3.622', '3.291', '2.946', '3.283'] elapsed=31s eta=122s
[small_std] pretrain 500/2000 losses=['3.611', '3.257', '2.925', '3.278'] elapsed=37s eta=112s
[small_std] pretrain 600/2000 losses=['3.569', '3.231', '2.825', '3.191'] elapsed=44s eta=102s
[small_std] pretrain 700/2000 losses=['3.420', '3.151', '2.641', '3.103'] elapsed=51s eta=94s
[small_std] pretrain 800/2000 losses=['3.025', '3.040', '2.425', '2.924'] elapsed=57s eta=86s
[small_std] pretrain 900/2000 losses=['2.650', '3.049', '2.244', '2.754'] elapsed=64s eta=78s
[small_std] pretrain 1000/2000 losses=['2.494', '2.976', '2.035', '2.634'] elapsed=70s eta=70s
[small_std] pretrain 1100/2000 losses=['2.410', '2.855', '1.919', '2.565'] elapsed=77s eta=63s
[small_std] pretrain 1200/2000 losses=['2.292', '2.800', '1.720', '2.420'] elapsed=84s eta=56s
[small_std] pretrain 1300/2000 losses=['2.224', '2.713', '1.549', '2.291'] elapsed=90s eta=49s
[small_std] pretrain 1400/2000 losses=['2.153', '2.650', '1.403', '2.116'] elapsed=97s eta=41s
[small_std] pretrain 1500/2000 losses=['2.109', '2.552', '1.294', '1.987'] elapsed=104s eta=34s
[small_std] pretrain 1600/2000 losses=['2.070', '2.480', '1.203', '1.771'] elapsed=110s eta=28s
[small_std] pretrain 1700/2000 losses=['2.020', '2.428', '1.105', '1.580'] elapsed=117s eta=21s
[small_std] pretrain 1800/2000 losses=['1.988', '2.331', '0.974', '1.454'] elapsed=124s eta=14s
[small_std] pretrain 1900/2000 losses=['1.940', '2.244', '0.898', '1.316'] elapsed=130s eta=7s
[small_std] pretrain DONE in 136s final=['1.9177', '2.1400', '0.8160', '1.2289']
[small_std] Math 0/1500 losses=['1.929', '2.152', '0.822', '1.228'] elapsed=2s eta=0s
[small_std] Math 100/1500 losses=['1.804', '2.797', '1.767', '1.840'] elapsed=8s eta=117s
[small_std] Math 200/1500 losses=['1.714', '3.774', '2.829', '2.622'] elapsed=15s eta=97s
[small_std] Math 300/1500 losses=['1.664', '4.794', '3.916', '3.735'] elapsed=21s eta=85s
[small_std] Math 400/1500 losses=['1.621', '5.642', '4.634', '4.628'] elapsed=28s eta=76s
[small_std] Math 500/1500 losses=['1.603', '6.078', '5.205', '5.159'] elapsed=34s eta=68s
[small_std] Math 600/1500 losses=['1.592', '6.619', '5.932', '5.752'] elapsed=40s eta=60s
[small_std] Math 700/1500 losses=['1.581', '6.807', '6.229', '6.108'] elapsed=47s eta=53s
[small_std] Math 800/1500 losses=['1.572', '7.083', '6.575', '6.329'] elapsed=53s eta=46s
[small_std] Math 900/1500 losses=['1.577', '7.246', '6.831', '6.359'] elapsed=60s eta=40s
[small_std] Math 1000/1500 losses=['1.578', '7.496', '7.063', '6.506'] elapsed=67s eta=33s
[small_std] Math 1100/1500 losses=['1.571', '7.475', '7.037', '6.642'] elapsed=74s eta=27s
[small_std] Math 1200/1500 losses=['1.572', '7.751', '7.343', '6.754'] elapsed=81s eta=20s
[small_std] Math 1300/1500 losses=['1.567', '7.631', '7.344', '6.772'] elapsed=87s eta=13s
[small_std] Math 1400/1500 losses=['1.563', '7.752', '7.454', '6.802'] elapsed=93s eta=7s
[small_std] Math DONE in 99s final=['1.5654', '7.8173', '7.4445', '6.7564']
[small_std] Code 0/1500 losses=['1.566', '7.681', '7.319', '6.698'] elapsed=2s eta=0s
[small_std] Code 100/1500 losses=['3.194', '1.694', '2.625', '3.647'] elapsed=8s eta=110s
[small_std] Code 200/1500 losses=['3.295', '1.439', '2.897', '3.675'] elapsed=13s eta=87s
[small_std] Code 300/1500 losses=['3.404', '1.303', '3.133', '3.779'] elapsed=19s eta=77s
[small_std] Code 400/1500 losses=['3.452', '1.192', '3.249', '3.879'] elapsed=25s eta=70s
[small_std] Code 500/1500 losses=['3.708', '1.140', '3.257', '4.031'] elapsed=32s eta=64s
[small_std] Code 600/1500 losses=['3.605', '1.051', '3.441', '4.243'] elapsed=38s eta=58s
[small_std] Code 700/1500 losses=['3.626', '1.008', '3.415', '4.256'] elapsed=44s eta=50s
[small_std] Code 800/1500 losses=['3.535', '0.955', '3.722', '4.327'] elapsed=50s eta=44s
[small_std] Code 900/1500 losses=['3.691', '0.944', '3.612', '4.330'] elapsed=56s eta=37s
[small_std] Code 1000/1500 losses=['3.599', '0.881', '3.756', '4.433'] elapsed=62s eta=31s
[small_std] Code 1100/1500 losses=['3.780', '0.892', '3.755', '4.586'] elapsed=67s eta=24s
[small_std] Code 1200/1500 losses=['3.819', '0.827', '3.876', '4.880'] elapsed=73s eta=18s
[small_std] Code 1300/1500 losses=['3.983', '0.824', '3.884', '4.562'] elapsed=79s eta=12s
[small_std] Code 1400/1500 losses=['3.926', '0.789', '3.912', '4.652'] elapsed=86s eta=6s
[small_std] Code DONE in 92s final=['3.7971', '0.7596', '4.0654', '4.8158']
[small_std] Logic 0/1500 losses=['3.804', '0.750', '3.954', '4.773'] elapsed=2s eta=0s
[small_std] Logic 100/1500 losses=['4.831', '3.864', '0.350', '4.313'] elapsed=8s eta=111s
[small_std] Logic 200/1500 losses=['4.863', '4.462', '0.254', '4.669'] elapsed=14s eta=90s
[small_std] Logic 300/1500 losses=['4.917', '4.757', '0.229', '4.869'] elapsed=20s eta=78s
[small_std] Logic 400/1500 losses=['4.808', '4.955', '0.221', '4.984'] elapsed=25s eta=70s
[small_std] Logic 500/1500 losses=['4.907', '5.167', '0.211', '4.966'] elapsed=31s eta=62s
[small_std] Logic 600/1500 losses=['4.916', '5.137', '0.207', '4.994'] elapsed=37s eta=55s
[small_std] Logic 700/1500 losses=['5.059', '5.221', '0.202', '4.969'] elapsed=42s eta=48s
[small_std] Logic 800/1500 losses=['4.979', '5.342', '0.200', '5.155'] elapsed=48s eta=42s
[small_std] Logic 900/1500 losses=['5.044', '5.362', '0.203', '5.092'] elapsed=54s eta=36s
[small_std] Logic 1000/1500 losses=['5.427', '5.420', '0.199', '5.210'] elapsed=60s eta=30s
[small_std] Logic 1100/1500 losses=['5.430', '5.497', '0.197', '5.211'] elapsed=67s eta=24s
[small_std] Logic 1200/1500 losses=['5.443', '5.551', '0.197', '5.185'] elapsed=72s eta=18s
[small_std] Logic 1300/1500 losses=['5.574', '5.681', '0.196', '5.288'] elapsed=78s eta=12s
[small_std] Logic 1400/1500 losses=['5.639', '5.705', '0.195', '5.300'] elapsed=84s eta=6s
[small_std] Logic DONE in 90s final=['5.7118', '5.7832', '0.1938', '5.2861']
[small_std] Spell 0/1500 losses=['5.612', '5.756', '0.196', '5.143'] elapsed=2s eta=0s
[small_std] Spell 100/1500 losses=['5.814', '6.113', '2.580', '1.112'] elapsed=8s eta=107s
[small_std] Spell 200/1500 losses=['5.959', '5.900', '2.665', '1.087'] elapsed=13s eta=86s
[small_std] Spell 300/1500 losses=['5.818', '5.953', '2.817', '1.074'] elapsed=19s eta=76s
[small_std] Spell 400/1500 losses=['5.750', '5.815', '2.810', '1.066'] elapsed=25s eta=68s
[small_std] Spell 500/1500 losses=['5.614', '5.730', '2.741', '1.058'] elapsed=30s eta=60s
[small_std] Spell 600/1500 losses=['5.575', '5.696', '2.757', '1.044'] elapsed=36s eta=54s
[small_std] Spell 700/1500 losses=['5.485', '5.595', '2.893', '1.011'] elapsed=42s eta=48s
[small_std] Spell 800/1500 losses=['5.429', '5.487', '3.084', '0.978'] elapsed=48s eta=42s
[small_std] Spell 900/1500 losses=['5.524', '5.528', '3.156', '0.956'] elapsed=54s eta=36s
[small_std] Spell 1000/1500 losses=['5.787', '5.380', '3.087', '0.942'] elapsed=59s eta=29s
[small_std] Spell 1100/1500 losses=['5.620', '5.443', '3.451', '0.899'] elapsed=65s eta=23s
[small_std] Spell 1200/1500 losses=['5.762', '5.669', '3.512', '0.905'] elapsed=70s eta=17s
[small_std] Spell 1300/1500 losses=['5.891', '5.558', '3.742', '0.882'] elapsed=76s eta=12s
[small_std] Spell 1400/1500 losses=['5.828', '5.616', '3.756', '0.861'] elapsed=82s eta=6s
[small_std] Spell DONE in 88s final=['5.8849', '5.6280', '4.0087', '0.8485']
[small_std] FINISHED in 505s (8.4min)
[small_std] Saved results to /home/ubuntu/DoubleO/scripts/../data/sweep/small_std.json
