[small_do] START | arch=doubleo dim=96 layers=3 tasks=4 params=343,776 clamp=2.0 norm=rmsnorm
[small_do] pretrain 0/2000 losses=['4.061', '4.072', '4.176', '4.152'] elapsed=2s eta=0s
[small_do] pretrain 100/2000 losses=['2.730', '3.068', '2.658', '3.109'] elapsed=11s eta=208s
[small_do] pretrain 200/2000 losses=['2.644', '3.041', '2.562', '2.866'] elapsed=19s eta=174s
[small_do] pretrain 300/2000 losses=['2.617', '3.055', '2.527', '2.838'] elapsed=28s eta=161s
[small_do] pretrain 400/2000 losses=['2.601', '3.046', '2.496', '2.823'] elapsed=37s eta=147s
[small_do] pretrain 500/2000 losses=['2.593', '3.025', '2.362', '2.810'] elapsed=45s eta=135s
[small_do] pretrain 600/2000 losses=['2.586', '2.988', '1.957', '2.719'] elapsed=53s eta=123s
[small_do] pretrain 700/2000 losses=['2.567', '2.863', '1.623', '2.483'] elapsed=61s eta=112s
[small_do] pretrain 800/2000 losses=['2.506', '2.778', '1.339', '2.339'] elapsed=69s eta=103s
[small_do] pretrain 900/2000 losses=['2.376', '2.641', '1.122', '2.255'] elapsed=77s eta=94s
[small_do] pretrain 1000/2000 losses=['2.299', '2.573', '0.960', '2.178'] elapsed=86s eta=85s
[small_do] pretrain 1100/2000 losses=['2.258', '2.494', '0.863', '2.138'] elapsed=94s eta=77s
[small_do] pretrain 1200/2000 losses=['2.229', '2.392', '0.789', '2.093'] elapsed=103s eta=68s
[small_do] pretrain 1300/2000 losses=['2.199', '2.286', '0.739', '2.030'] elapsed=111s eta=60s
[small_do] pretrain 1400/2000 losses=['2.169', '2.239', '0.703', '1.981'] elapsed=120s eta=51s
[small_do] pretrain 1500/2000 losses=['2.143', '2.097', '0.671', '1.909'] elapsed=128s eta=43s
[small_do] pretrain 1600/2000 losses=['2.111', '2.033', '0.645', '1.858'] elapsed=137s eta=34s
[small_do] pretrain 1700/2000 losses=['2.086', '1.953', '0.636', '1.808'] elapsed=146s eta=26s
[small_do] pretrain 1800/2000 losses=['2.034', '1.905', '0.624', '1.762'] elapsed=155s eta=17s
[small_do] pretrain 1900/2000 losses=['1.988', '1.844', '0.598', '1.744'] elapsed=165s eta=9s
[small_do] pretrain DONE in 173s final=['1.9608', '1.7684', '0.5876', '1.7050']
[small_do] Math 0/1500 losses=['1.962', '1.766', '0.586', '1.710'] elapsed=2s eta=0s
[small_do] Math 100/1500 losses=['2.451', '3.814', '0.613', '6.718'] elapsed=11s eta=156s
[small_do] Math 200/1500 losses=['2.405', '3.915', '0.624', '6.927'] elapsed=21s eta=133s
[small_do] Math 300/1500 losses=['2.383', '3.801', '0.646', '7.053'] elapsed=30s eta=121s
[small_do] Math 400/1500 losses=['2.360', '3.864', '0.652', '7.056'] elapsed=40s eta=110s
[small_do] Math 500/1500 losses=['2.328', '3.708', '0.687', '7.054'] elapsed=50s eta=99s
[small_do] Math 600/1500 losses=['2.329', '3.789', '0.697', '7.036'] elapsed=58s eta=87s
[small_do] Math 700/1500 losses=['2.320', '3.889', '0.702', '7.139'] elapsed=66s eta=76s
[small_do] Math 800/1500 losses=['2.308', '3.882', '0.717', '7.095'] elapsed=75s eta=65s
[small_do] Math 900/1500 losses=['2.309', '4.114', '0.736', '7.099'] elapsed=84s eta=56s
[small_do] Math 1000/1500 losses=['2.310', '4.185', '0.745', '7.107'] elapsed=93s eta=47s
[small_do] Math 1100/1500 losses=['2.299', '4.323', '0.778', '7.221'] elapsed=102s eta=37s
[small_do] Math 1200/1500 losses=['2.323', '4.180', '0.789', '7.203'] elapsed=111s eta=28s
[small_do] Math 1300/1500 losses=['2.340', '4.149', '0.825', '7.198'] elapsed=120s eta=18s
[small_do] Math 1400/1500 losses=['2.355', '4.309', '0.828', '7.195'] elapsed=128s eta=9s
[small_do] Math DONE in 136s final=['2.3908', '4.3751', '0.8697', '7.1789']
[small_do] Code 0/1500 losses=['2.391', '4.050', '0.879', '7.195'] elapsed=2s eta=0s
[small_do] Code 100/1500 losses=['2.265', '4.513', '0.992', '4.771'] elapsed=11s eta=148s
[small_do] Code 200/1500 losses=['2.311', '4.831', '1.013', '5.037'] elapsed=20s eta=131s
[small_do] Code 300/1500 losses=['2.327', '5.102', '1.023', '5.073'] elapsed=28s eta=113s
[small_do] Code 400/1500 losses=['2.308', '5.214', '1.047', '5.135'] elapsed=37s eta=101s
[small_do] Code 500/1500 losses=['2.301', '5.202', '1.086', '5.195'] elapsed=45s eta=89s
[small_do] Code 600/1500 losses=['2.297', '5.155', '1.168', '5.192'] elapsed=53s eta=79s
[small_do] Code 700/1500 losses=['2.325', '5.059', '1.178', '5.260'] elapsed=61s eta=70s
[small_do] Code 800/1500 losses=['2.334', '5.081', '1.222', '5.180'] elapsed=70s eta=61s
[small_do] Code 900/1500 losses=['2.349', '5.309', '1.267', '5.232'] elapsed=79s eta=52s
[small_do] Code 1000/1500 losses=['2.359', '5.516', '1.305', '5.267'] elapsed=87s eta=43s
[small_do] Code 1100/1500 losses=['2.338', '5.360', '1.355', '5.281'] elapsed=95s eta=34s
[small_do] Code 1200/1500 losses=['2.366', '5.367', '1.348', '5.292'] elapsed=104s eta=26s
[small_do] Code 1300/1500 losses=['2.378', '5.398', '1.400', '5.346'] elapsed=112s eta=17s
[small_do] Code 1400/1500 losses=['2.368', '5.372', '1.412', '5.417'] elapsed=120s eta=8s
[small_do] Code DONE in 128s final=['2.3720', '5.2889', '1.4359', '5.4616']
[small_do] Logic 0/1500 losses=['2.375', '5.306', '1.300', '5.483'] elapsed=2s eta=0s
[small_do] Logic 100/1500 losses=['2.299', '7.182', '1.235', '5.525'] elapsed=11s eta=153s
[small_do] Logic 200/1500 losses=['2.308', '7.294', '1.256', '5.745'] elapsed=19s eta=125s
[small_do] Logic 300/1500 losses=['2.321', '7.145', '1.279', '5.815'] elapsed=27s eta=109s
[small_do] Logic 400/1500 losses=['2.336', '7.162', '1.291', '5.933'] elapsed=36s eta=98s
[small_do] Logic 500/1500 losses=['2.357', '7.335', '1.271', '5.868'] elapsed=44s eta=88s
[small_do] Logic 600/1500 losses=['2.360', '7.356', '1.278', '5.948'] elapsed=52s eta=78s
[small_do] Logic 700/1500 losses=['2.386', '7.163', '1.326', '5.997'] elapsed=60s eta=69s
[small_do] Logic 800/1500 losses=['2.400', '7.133', '1.350', '6.180'] elapsed=69s eta=60s
[small_do] Logic 900/1500 losses=['2.395', '7.076', '1.375', '5.957'] elapsed=78s eta=52s
[small_do] Logic 1000/1500 losses=['2.438', '6.900', '1.423', '6.184'] elapsed=86s eta=43s
[small_do] Logic 1100/1500 losses=['2.452', '6.939', '1.388', '6.107'] elapsed=94s eta=34s
[small_do] Logic 1200/1500 losses=['2.478', '6.797', '1.436', '6.240'] elapsed=103s eta=26s
[small_do] Logic 1300/1500 losses=['2.454', '6.756', '1.448', '6.300'] elapsed=111s eta=17s
[small_do] Logic 1400/1500 losses=['2.468', '6.755', '1.455', '6.288'] elapsed=119s eta=8s
[small_do] Logic DONE in 128s final=['2.4831', '6.5255', '1.4729', '6.3493']
[small_do] Spell 0/1500 losses=['2.502', '6.560', '1.473', '6.347'] elapsed=3s eta=0s
[small_do] Spell 100/1500 losses=['2.595', '6.987', '1.499', '1.514'] elapsed=11s eta=158s
[small_do] Spell 200/1500 losses=['2.543', '6.785', '1.581', '1.416'] elapsed=20s eta=127s
[small_do] Spell 300/1500 losses=['2.556', '6.804', '1.667', '1.358'] elapsed=28s eta=111s
[small_do] Spell 400/1500 losses=['2.517', '6.763', '1.704', '1.308'] elapsed=36s eta=100s
[small_do] Spell 500/1500 losses=['2.509', '6.863', '1.758', '1.279'] elapsed=44s eta=88s
[small_do] Spell 600/1500 losses=['2.501', '6.964', '1.834', '1.257'] elapsed=53s eta=79s
[small_do] Spell 700/1500 losses=['2.522', '6.965', '1.836', '1.246'] elapsed=62s eta=71s
[small_do] Spell 800/1500 losses=['2.495', '6.972', '1.903', '1.244'] elapsed=71s eta=62s
[small_do] Spell 900/1500 losses=['2.493', '7.099', '1.912', '1.235'] elapsed=79s eta=53s
[small_do] Spell 1000/1500 losses=['2.493', '7.013', '1.946', '1.209'] elapsed=88s eta=44s
[small_do] Spell 1100/1500 losses=['2.496', '7.236', '2.010', '1.233'] elapsed=96s eta=35s
[small_do] Spell 1200/1500 losses=['2.486', '7.248', '2.070', '1.192'] elapsed=104s eta=26s
[small_do] Spell 1300/1500 losses=['2.486', '7.182', '2.086', '1.210'] elapsed=112s eta=17s
[small_do] Spell 1400/1500 losses=['2.492', '7.111', '2.116', '1.180'] elapsed=121s eta=9s
[small_do] Spell DONE in 129s final=['2.4682', '7.2628', '2.1601', '1.1690']
[small_do] FINISHED in 695s (11.6min)
[small_do] Saved results to /home/ubuntu/DoubleO/scripts/../data/sweep/small_do.json
