============================================================
  NanoDoubleO C-Lite Sweep
  Arms: 8
  Workers: 4 × 2 threads = 8 cores
  Pretrain steps: 2000, Task steps: 1500
  Output: /home/ubuntu/DoubleO/data/sweep
============================================================
  [1] small_std            arch=standard dim=96 layers=3 tasks=4 clamp=2.0 norm=rmsnorm
  [2] small_do             arch=doubleo  dim=96 layers=3 tasks=4 clamp=2.0 norm=rmsnorm
  [3] med_std              arch=standard dim=128 layers=4 tasks=4 clamp=2.0 norm=rmsnorm
  [4] med_do               arch=doubleo  dim=128 layers=4 tasks=4 clamp=2.0 norm=rmsnorm
  [5] med_do_2task         arch=doubleo  dim=128 layers=4 tasks=2 clamp=2.0 norm=rmsnorm
  [6] med_do_3task         arch=doubleo  dim=128 layers=4 tasks=3 clamp=2.0 norm=rmsnorm
  [7] med_do_noclamp       arch=doubleo  dim=128 layers=4 tasks=4 clamp=0.0 norm=rmsnorm
  [8] med_do_ln            arch=doubleo  dim=128 layers=4 tasks=4 clamp=2.0 norm=layernorm

[small_std] START | arch=standard dim=96 layers=3 tasks=4 params=344,448 clamp=2.0 norm=rmsnorm
[med_do] START | arch=doubleo dim=128 layers=4 tasks=4 params=806,784 clamp=2.0 norm=rmsnorm
[med_std] START | arch=standard dim=128 layers=4 tasks=4 params=807,936 clamp=2.0 norm=rmsnorm
[small_do] START | arch=doubleo dim=96 layers=3 tasks=4 params=343,776 clamp=2.0 norm=rmsnorm
[small_std] pretrain 0/2000 losses=['4.075', '4.056', '4.147', '4.129'] elapsed=2s eta=0s
[small_do] pretrain 0/2000 losses=['4.061', '4.072', '4.176', '4.152'] elapsed=2s eta=0s
[med_std] pretrain 0/2000 losses=['3.994', '4.035', '4.088', '4.077'] elapsed=4s eta=0s
[med_do] pretrain 0/2000 losses=['4.077', '4.025', '4.133', '4.166'] elapsed=4s eta=0s
[small_std] pretrain 100/2000 losses=['3.616', '3.290', '2.970', '3.316'] elapsed=9s eta=169s
[small_do] pretrain 100/2000 losses=['2.730', '3.068', '2.658', '3.109'] elapsed=11s eta=208s
[small_std] pretrain 200/2000 losses=['3.630', '3.290', '2.958', '3.307'] elapsed=15s eta=139s
[small_do] pretrain 200/2000 losses=['2.644', '3.041', '2.562', '2.866'] elapsed=19s eta=174s
[med_std] pretrain 100/2000 losses=['3.656', '3.277', '2.956', '3.304'] elapsed=21s eta=396s
[small_std] pretrain 300/2000 losses=['3.627', '3.290', '2.944', '3.286'] elapsed=23s eta=129s
[med_do] pretrain 100/2000 losses=['2.663', '3.045', '2.583', '3.068'] elapsed=27s eta=508s
[small_do] pretrain 300/2000 losses=['2.617', '3.055', '2.527', '2.838'] elapsed=28s eta=161s
[small_std] pretrain 400/2000 losses=['3.622', '3.291', '2.946', '3.283'] elapsed=31s eta=122s
[small_do] pretrain 400/2000 losses=['2.601', '3.046', '2.496', '2.823'] elapsed=37s eta=147s
[small_std] pretrain 500/2000 losses=['3.611', '3.257', '2.925', '3.278'] elapsed=37s eta=112s
[med_std] pretrain 200/2000 losses=['3.642', '3.260', '2.949', '3.309'] elapsed=38s eta=342s
[small_std] pretrain 600/2000 losses=['3.569', '3.231', '2.825', '3.191'] elapsed=44s eta=102s
[small_do] pretrain 500/2000 losses=['2.593', '3.025', '2.362', '2.810'] elapsed=45s eta=135s
[med_do] pretrain 200/2000 losses=['2.612', '3.044', '2.532', '2.842'] elapsed=47s eta=425s
[small_std] pretrain 700/2000 losses=['3.420', '3.151', '2.641', '3.103'] elapsed=51s eta=94s
[small_do] pretrain 600/2000 losses=['2.586', '2.988', '1.957', '2.719'] elapsed=53s eta=123s
[med_std] pretrain 300/2000 losses=['3.634', '3.256', '2.949', '3.304'] elapsed=54s eta=306s
[small_std] pretrain 800/2000 losses=['3.025', '3.040', '2.425', '2.924'] elapsed=57s eta=86s
[small_do] pretrain 700/2000 losses=['2.567', '2.863', '1.623', '2.483'] elapsed=61s eta=112s
[small_std] pretrain 900/2000 losses=['2.650', '3.049', '2.244', '2.754'] elapsed=64s eta=78s
[med_do] pretrain 300/2000 losses=['2.596', '3.029', '2.513', '2.830'] elapsed=68s eta=384s
[small_do] pretrain 800/2000 losses=['2.506', '2.778', '1.339', '2.339'] elapsed=69s eta=103s
[small_std] pretrain 1000/2000 losses=['2.494', '2.976', '2.035', '2.634'] elapsed=70s eta=70s
[med_std] pretrain 400/2000 losses=['3.633', '3.255', '2.928', '3.286'] elapsed=71s eta=282s
[small_do] pretrain 900/2000 losses=['2.376', '2.641', '1.122', '2.255'] elapsed=77s eta=94s
[small_std] pretrain 1100/2000 losses=['2.410', '2.855', '1.919', '2.565'] elapsed=77s eta=63s
[small_std] pretrain 1200/2000 losses=['2.292', '2.800', '1.720', '2.420'] elapsed=84s eta=56s
[small_do] pretrain 1000/2000 losses=['2.299', '2.573', '0.960', '2.178'] elapsed=86s eta=85s
[med_std] pretrain 500/2000 losses=['3.482', '3.197', '2.761', '3.178'] elapsed=87s eta=262s
[med_do] pretrain 400/2000 losses=['2.591', '3.019', '2.416', '2.817'] elapsed=89s eta=355s
[small_std] pretrain 1300/2000 losses=['2.224', '2.713', '1.549', '2.291'] elapsed=90s eta=49s
[small_do] pretrain 1100/2000 losses=['2.258', '2.494', '0.863', '2.138'] elapsed=94s eta=77s
[small_std] pretrain 1400/2000 losses=['2.153', '2.650', '1.403', '2.116'] elapsed=97s eta=41s
[small_do] pretrain 1200/2000 losses=['2.229', '2.392', '0.789', '2.093'] elapsed=103s eta=68s
[small_std] pretrain 1500/2000 losses=['2.109', '2.552', '1.294', '1.987'] elapsed=104s eta=34s
[med_std] pretrain 600/2000 losses=['2.895', '3.081', '2.459', '2.930'] elapsed=104s eta=241s
[med_do] pretrain 500/2000 losses=['2.582', '2.993', '1.972', '2.787'] elapsed=110s eta=329s
[small_std] pretrain 1600/2000 losses=['2.070', '2.480', '1.203', '1.771'] elapsed=110s eta=28s
[small_do] pretrain 1300/2000 losses=['2.199', '2.286', '0.739', '2.030'] elapsed=111s eta=60s
[small_std] pretrain 1700/2000 losses=['2.020', '2.428', '1.105', '1.580'] elapsed=117s eta=21s
[med_std] pretrain 700/2000 losses=['2.585', '3.022', '2.200', '2.819'] elapsed=120s eta=222s
[small_do] pretrain 1400/2000 losses=['2.169', '2.239', '0.703', '1.981'] elapsed=120s eta=51s
[small_std] pretrain 1800/2000 losses=['1.988', '2.331', '0.974', '1.454'] elapsed=124s eta=14s
[small_do] pretrain 1500/2000 losses=['2.143', '2.097', '0.671', '1.909'] elapsed=128s eta=43s
[small_std] pretrain 1900/2000 losses=['1.940', '2.244', '0.898', '1.316'] elapsed=130s eta=7s
[med_do] pretrain 600/2000 losses=['2.536', '2.859', '1.617', '2.460'] elapsed=130s eta=303s
[small_std] pretrain DONE in 136s final=['1.9177', '2.1400', '0.8160', '1.2289']
[med_std] pretrain 800/2000 losses=['2.423', '2.968', '1.950', '2.604'] elapsed=136s eta=204s
[small_do] pretrain 1600/2000 losses=['2.111', '2.033', '0.645', '1.858'] elapsed=137s eta=34s
[small_std] Math 0/1500 losses=['1.929', '2.152', '0.822', '1.228'] elapsed=2s eta=0s
[small_std] Math 100/1500 losses=['1.804', '2.797', '1.767', '1.840'] elapsed=8s eta=117s
[small_do] pretrain 1700/2000 losses=['2.086', '1.953', '0.636', '1.808'] elapsed=146s eta=26s
[small_std] Math 200/1500 losses=['1.714', '3.774', '2.829', '2.622'] elapsed=15s eta=97s
[med_do] pretrain 700/2000 losses=['2.362', '2.791', '1.292', '2.341'] elapsed=153s eta=283s
[med_std] pretrain 900/2000 losses=['2.338', '2.824', '1.747', '2.520'] elapsed=154s eta=188s
[small_do] pretrain 1800/2000 losses=['2.034', '1.905', '0.624', '1.762'] elapsed=155s eta=17s
[small_std] Math 300/1500 losses=['1.664', '4.794', '3.916', '3.735'] elapsed=21s eta=85s
[small_std] Math 400/1500 losses=['1.621', '5.642', '4.634', '4.628'] elapsed=28s eta=76s
[small_do] pretrain 1900/2000 losses=['1.988', '1.844', '0.598', '1.744'] elapsed=165s eta=9s
[small_std] Math 500/1500 losses=['1.603', '6.078', '5.205', '5.159'] elapsed=34s eta=68s
[med_std] pretrain 1000/2000 losses=['2.257', '2.718', '1.574', '2.352'] elapsed=172s eta=171s
[small_do] pretrain DONE in 173s final=['1.9608', '1.7684', '0.5876', '1.7050']
[med_do] pretrain 800/2000 losses=['2.306', '2.671', '1.056', '2.261'] elapsed=175s eta=262s
[small_do] Math 0/1500 losses=['1.962', '1.766', '0.586', '1.710'] elapsed=2s eta=0s
[small_std] Math 600/1500 losses=['1.592', '6.619', '5.932', '5.752'] elapsed=40s eta=60s
[small_std] Math 700/1500 losses=['1.581', '6.807', '6.229', '6.108'] elapsed=47s eta=53s
[small_do] Math 100/1500 losses=['2.451', '3.814', '0.613', '6.718'] elapsed=11s eta=156s
[small_std] Math 800/1500 losses=['1.572', '7.083', '6.575', '6.329'] elapsed=53s eta=46s
[med_std] pretrain 1100/2000 losses=['2.199', '2.626', '1.459', '2.210'] elapsed=190s eta=155s
[small_do] Math 200/1500 losses=['2.405', '3.915', '0.624', '6.927'] elapsed=21s eta=133s
[small_std] Math 900/1500 losses=['1.577', '7.246', '6.831', '6.359'] elapsed=60s eta=40s
[med_do] pretrain 900/2000 losses=['2.286', '2.568', '0.903', '2.205'] elapsed=199s eta=243s
[small_std] Math 1000/1500 losses=['1.578', '7.496', '7.063', '6.506'] elapsed=67s eta=33s
[small_do] Math 300/1500 losses=['2.383', '3.801', '0.646', '7.053'] elapsed=30s eta=121s
[small_std] Math 1100/1500 losses=['1.571', '7.475', '7.037', '6.642'] elapsed=74s eta=27s
[med_std] pretrain 1200/2000 losses=['2.153', '2.590', '1.249', '2.041'] elapsed=210s eta=140s
[small_do] Math 400/1500 losses=['2.360', '3.864', '0.652', '7.056'] elapsed=40s eta=110s
[small_std] Math 1200/1500 losses=['1.572', '7.751', '7.343', '6.754'] elapsed=81s eta=20s
[small_std] Math 1300/1500 losses=['1.567', '7.631', '7.344', '6.772'] elapsed=87s eta=13s
[small_do] Math 500/1500 losses=['2.328', '3.708', '0.687', '7.054'] elapsed=50s eta=99s
[med_do] pretrain 1000/2000 losses=['2.249', '2.446', '0.803', '2.138'] elapsed=224s eta=224s
[med_std] pretrain 1300/2000 losses=['2.104', '2.409', '1.132', '1.804'] elapsed=229s eta=123s
[small_std] Math 1400/1500 losses=['1.563', '7.752', '7.454', '6.802'] elapsed=93s eta=7s
[small_do] Math 600/1500 losses=['2.329', '3.789', '0.697', '7.036'] elapsed=58s eta=87s
[small_std] Math DONE in 99s final=['1.5654', '7.8173', '7.4445', '6.7564']
[small_std] Code 0/1500 losses=['1.566', '7.681', '7.319', '6.698'] elapsed=2s eta=0s
[small_do] Math 700/1500 losses=['2.320', '3.889', '0.702', '7.139'] elapsed=66s eta=76s
[small_std] Code 100/1500 losses=['3.194', '1.694', '2.625', '3.647'] elapsed=8s eta=110s
[med_do] pretrain 1100/2000 losses=['2.202', '2.346', '0.737', '2.073'] elapsed=246s eta=201s
[med_std] pretrain 1400/2000 losses=['2.046', '2.338', '0.971', '1.574'] elapsed=247s eta=105s
[small_do] Math 800/1500 losses=['2.308', '3.882', '0.717', '7.095'] elapsed=75s eta=65s
[small_std] Code 200/1500 losses=['3.295', '1.439', '2.897', '3.675'] elapsed=13s eta=87s
[small_std] Code 300/1500 losses=['3.404', '1.303', '3.133', '3.779'] elapsed=19s eta=77s
[small_do] Math 900/1500 losses=['2.309', '4.114', '0.736', '7.099'] elapsed=84s eta=56s
[small_std] Code 400/1500 losses=['3.452', '1.192', '3.249', '3.879'] elapsed=25s eta=70s
[med_std] pretrain 1500/2000 losses=['1.985', '2.186', '0.872', '1.395'] elapsed=265s eta=88s
[small_do] Math 1000/1500 losses=['2.310', '4.185', '0.745', '7.107'] elapsed=93s eta=47s
[small_std] Code 500/1500 losses=['3.708', '1.140', '3.257', '4.031'] elapsed=32s eta=64s
[med_do] pretrain 1200/2000 losses=['2.184', '2.279', '0.717', '2.022'] elapsed=269s eta=179s
[small_std] Code 600/1500 losses=['3.605', '1.051', '3.441', '4.243'] elapsed=38s eta=58s
[small_do] Math 1100/1500 losses=['2.299', '4.323', '0.778', '7.221'] elapsed=102s eta=37s
[small_std] Code 700/1500 losses=['3.626', '1.008', '3.415', '4.256'] elapsed=44s eta=50s
[med_std] pretrain 1600/2000 losses=['1.916', '2.099', '0.711', '1.273'] elapsed=283s eta=71s
[small_do] Math 1200/1500 losses=['2.323', '4.180', '0.789', '7.203'] elapsed=111s eta=28s
[small_std] Code 800/1500 losses=['3.535', '0.955', '3.722', '4.327'] elapsed=50s eta=44s
[small_std] Code 900/1500 losses=['3.691', '0.944', '3.612', '4.330'] elapsed=56s eta=37s
[med_do] pretrain 1300/2000 losses=['2.146', '2.130', '0.691', '1.969'] elapsed=291s eta=157s
[small_do] Math 1300/1500 losses=['2.340', '4.149', '0.825', '7.198'] elapsed=120s eta=18s
[small_std] Code 1000/1500 losses=['3.599', '0.881', '3.756', '4.433'] elapsed=62s eta=31s
[med_std] pretrain 1700/2000 losses=['1.839', '1.831', '0.605', '1.159'] elapsed=300s eta=53s
[small_do] Math 1400/1500 losses=['2.355', '4.309', '0.828', '7.195'] elapsed=128s eta=9s
[small_std] Code 1100/1500 losses=['3.780', '0.892', '3.755', '4.586'] elapsed=67s eta=24s
[small_std] Code 1200/1500 losses=['3.819', '0.827', '3.876', '4.880'] elapsed=73s eta=18s
[small_do] Math DONE in 136s final=['2.3908', '4.3751', '0.8697', '7.1789']
[small_do] Code 0/1500 losses=['2.391', '4.050', '0.879', '7.195'] elapsed=2s eta=0s
[med_do] pretrain 1400/2000 losses=['2.092', '2.044', '0.659', '1.912'] elapsed=313s eta=134s
[small_std] Code 1300/1500 losses=['3.983', '0.824', '3.884', '4.562'] elapsed=79s eta=12s
[med_std] pretrain 1800/2000 losses=['1.759', '1.660', '0.478', '1.111'] elapsed=317s eta=35s
[small_std] Code 1400/1500 losses=['3.926', '0.789', '3.912', '4.652'] elapsed=86s eta=6s
[small_do] Code 100/1500 losses=['2.265', '4.513', '0.992', '4.771'] elapsed=11s eta=148s
[small_std] Code DONE in 92s final=['3.7971', '0.7596', '4.0654', '4.8158']
[small_std] Logic 0/1500 losses=['3.804', '0.750', '3.954', '4.773'] elapsed=2s eta=0s
[small_do] Code 200/1500 losses=['2.311', '4.831', '1.013', '5.037'] elapsed=20s eta=131s
[med_std] pretrain 1900/2000 losses=['1.688', '1.488', '0.403', '1.099'] elapsed=335s eta=17s
[small_std] Logic 100/1500 losses=['4.831', '3.864', '0.350', '4.313'] elapsed=8s eta=111s
[med_do] pretrain 1500/2000 losses=['2.054', '1.901', '0.633', '1.844'] elapsed=335s eta=111s
[small_do] Code 300/1500 losses=['2.327', '5.102', '1.023', '5.073'] elapsed=28s eta=113s
[small_std] Logic 200/1500 losses=['4.863', '4.462', '0.254', '4.669'] elapsed=14s eta=90s
[small_std] Logic 300/1500 losses=['4.917', '4.757', '0.229', '4.869'] elapsed=20s eta=78s
[small_do] Code 400/1500 losses=['2.308', '5.214', '1.047', '5.135'] elapsed=37s eta=101s
[med_std] pretrain DONE in 352s final=['1.6622', '1.3204', '0.3135', '1.0803']
[small_std] Logic 400/1500 losses=['4.808', '4.955', '0.221', '4.984'] elapsed=25s eta=70s
[small_do] Code 500/1500 losses=['2.301', '5.202', '1.086', '5.195'] elapsed=45s eta=89s
[med_do] pretrain 1600/2000 losses=['1.989', '1.800', '0.624', '1.815'] elapsed=356s eta=89s
[med_std] Math 0/1500 losses=['1.673', '1.340', '0.331', '1.080'] elapsed=4s eta=0s
[small_std] Logic 500/1500 losses=['4.907', '5.167', '0.211', '4.966'] elapsed=31s eta=62s
[small_do] Code 600/1500 losses=['2.297', '5.155', '1.168', '5.192'] elapsed=53s eta=79s
[small_std] Logic 600/1500 losses=['4.916', '5.137', '0.207', '4.994'] elapsed=37s eta=55s
[small_std] Logic 700/1500 losses=['5.059', '5.221', '0.202', '4.969'] elapsed=42s eta=48s
[med_std] Math 100/1500 losses=['1.573', '2.427', '0.861', '1.491'] elapsed=18s eta=254s
[small_do] Code 700/1500 losses=['2.325', '5.059', '1.178', '5.260'] elapsed=61s eta=70s
[small_std] Logic 800/1500 losses=['4.979', '5.342', '0.200', '5.155'] elapsed=48s eta=42s
[med_do] pretrain 1700/2000 losses=['1.929', '1.720', '0.614', '1.773'] elapsed=377s eta=66s
[small_do] Code 800/1500 losses=['2.334', '5.081', '1.222', '5.180'] elapsed=70s eta=61s
[small_std] Logic 900/1500 losses=['5.044', '5.362', '0.203', '5.092'] elapsed=54s eta=36s
[med_std] Math 200/1500 losses=['1.553', '3.449', '1.733', '2.134'] elapsed=33s eta=213s
[small_std] Logic 1000/1500 losses=['5.427', '5.420', '0.199', '5.210'] elapsed=60s eta=30s
[small_do] Code 900/1500 losses=['2.349', '5.309', '1.267', '5.232'] elapsed=79s eta=52s
[small_std] Logic 1100/1500 losses=['5.430', '5.497', '0.197', '5.211'] elapsed=67s eta=24s
[small_do] Code 1000/1500 losses=['2.359', '5.516', '1.305', '5.267'] elapsed=87s eta=43s
[med_do] pretrain 1800/2000 losses=['1.875', '1.614', '0.608', '1.743'] elapsed=398s eta=44s
[small_std] Logic 1200/1500 losses=['5.443', '5.551', '0.197', '5.185'] elapsed=72s eta=18s
[med_std] Math 300/1500 losses=['1.548', '4.260', '2.701', '2.769'] elapsed=48s eta=192s
[small_std] Logic 1300/1500 losses=['5.574', '5.681', '0.196', '5.288'] elapsed=78s eta=12s
[small_do] Code 1100/1500 losses=['2.338', '5.360', '1.355', '5.281'] elapsed=95s eta=34s
[small_std] Logic 1400/1500 losses=['5.639', '5.705', '0.195', '5.300'] elapsed=84s eta=6s
[small_do] Code 1200/1500 losses=['2.366', '5.367', '1.348', '5.292'] elapsed=104s eta=26s
[med_std] Math 400/1500 losses=['1.548', '5.401', '3.795', '3.729'] elapsed=63s eta=172s
[small_std] Logic DONE in 90s final=['5.7118', '5.7832', '0.1938', '5.2861']
[small_std] Spell 0/1500 losses=['5.612', '5.756', '0.196', '5.143'] elapsed=2s eta=0s
[med_do] pretrain 1900/2000 losses=['1.827', '1.511', '0.603', '1.715'] elapsed=420s eta=22s
[small_do] Code 1300/1500 losses=['2.378', '5.398', '1.400', '5.346'] elapsed=112s eta=17s
[small_std] Spell 100/1500 losses=['5.814', '6.113', '2.580', '1.112'] elapsed=8s eta=107s
[med_std] Math 500/1500 losses=['1.543', '5.783', '4.513', '3.967'] elapsed=77s eta=154s
[small_std] Spell 200/1500 losses=['5.959', '5.900', '2.665', '1.087'] elapsed=13s eta=86s
[small_do] Code 1400/1500 losses=['2.368', '5.372', '1.412', '5.417'] elapsed=120s eta=8s
[small_std] Spell 300/1500 losses=['5.818', '5.953', '2.817', '1.074'] elapsed=19s eta=76s
[small_do] Code DONE in 128s final=['2.3720', '5.2889', '1.4359', '5.4616']
[small_do] Logic 0/1500 losses=['2.375', '5.306', '1.300', '5.483'] elapsed=2s eta=0s
[small_std] Spell 400/1500 losses=['5.750', '5.815', '2.810', '1.066'] elapsed=25s eta=68s
[med_do] pretrain DONE in 441s final=['1.7887', '1.3726', '0.5941', '1.6918']
[med_std] Math 600/1500 losses=['1.532', '6.884', '5.652', '4.800'] elapsed=92s eta=138s
[med_do] Math 0/1500 losses=['1.778', '1.398', '0.594', '1.695'] elapsed=5s eta=0s
[small_std] Spell 500/1500 losses=['5.614', '5.730', '2.741', '1.058'] elapsed=30s eta=60s
[small_do] Logic 100/1500 losses=['2.299', '7.182', '1.235', '5.525'] elapsed=11s eta=153s
[small_std] Spell 600/1500 losses=['5.575', '5.696', '2.757', '1.044'] elapsed=36s eta=54s
[small_do] Logic 200/1500 losses=['2.308', '7.294', '1.256', '5.745'] elapsed=19s eta=125s
[small_std] Spell 700/1500 losses=['5.485', '5.595', '2.893', '1.011'] elapsed=42s eta=48s
[med_std] Math 700/1500 losses=['1.525', '6.869', '6.058', '5.034'] elapsed=107s eta=122s
[small_std] Spell 800/1500 losses=['5.429', '5.487', '3.084', '0.978'] elapsed=48s eta=42s
[small_do] Logic 300/1500 losses=['2.321', '7.145', '1.279', '5.815'] elapsed=27s eta=109s
[med_do] Math 100/1500 losses=['2.454', '3.201', '0.625', '6.776'] elapsed=27s eta=373s
[small_std] Spell 900/1500 losses=['5.524', '5.528', '3.156', '0.956'] elapsed=54s eta=36s
[med_std] Math 800/1500 losses=['1.527', '7.699', '6.406', '5.652'] elapsed=121s eta=106s
[small_do] Logic 400/1500 losses=['2.336', '7.162', '1.291', '5.933'] elapsed=36s eta=98s
[small_std] Spell 1000/1500 losses=['5.787', '5.380', '3.087', '0.942'] elapsed=59s eta=29s
[small_std] Spell 1100/1500 losses=['5.620', '5.443', '3.451', '0.899'] elapsed=65s eta=23s
[small_do] Logic 500/1500 losses=['2.357', '7.335', '1.271', '5.868'] elapsed=44s eta=88s
[med_std] Math 900/1500 losses=['1.520', '7.988', '6.810', '5.853'] elapsed=135s eta=90s
[small_std] Spell 1200/1500 losses=['5.762', '5.669', '3.512', '0.905'] elapsed=70s eta=17s
[med_do] Math 200/1500 losses=['2.418', '3.259', '0.630', '6.913'] elapsed=47s eta=305s
[small_do] Logic 600/1500 losses=['2.360', '7.356', '1.278', '5.948'] elapsed=52s eta=78s
[small_std] Spell 1300/1500 losses=['5.891', '5.558', '3.742', '0.882'] elapsed=76s eta=12s
[small_std] Spell 1400/1500 losses=['5.828', '5.616', '3.756', '0.861'] elapsed=82s eta=6s
[small_do] Logic 700/1500 losses=['2.386', '7.163', '1.326', '5.997'] elapsed=60s eta=69s
[med_std] Math 1000/1500 losses=['1.513', '8.051', '7.036', '5.814'] elapsed=149s eta=74s
[small_std] Spell DONE in 88s final=['5.8849', '5.6280', '4.0087', '0.8485']
[small_std] FINISHED in 505s (8.4min)
[small_std] Saved results to /home/ubuntu/DoubleO/scripts/../data/sweep/small_std.json
[med_do_2task] START | arch=doubleo dim=128 layers=4 tasks=2 params=806,784 clamp=2.0 norm=rmsnorm
[small_do] Logic 800/1500 losses=['2.400', '7.133', '1.350', '6.180'] elapsed=69s eta=60s
[med_do_2task] pretrain 0/2000 losses=['4.038', '4.132'] elapsed=2s eta=0s
[med_do] Math 300/1500 losses=['2.404', '3.517', '0.643', '6.995'] elapsed=68s eta=273s
[med_std] Math 1100/1500 losses=['1.509', '8.365', '7.354', '5.971'] elapsed=164s eta=59s
[small_do] Logic 900/1500 losses=['2.395', '7.076', '1.375', '5.957'] elapsed=78s eta=52s
[small_do] Logic 1000/1500 losses=['2.438', '6.900', '1.423', '6.184'] elapsed=86s eta=43s
[med_do_2task] pretrain 100/2000 losses=['2.613', '3.035'] elapsed=20s eta=377s
[med_std] Math 1200/1500 losses=['1.515', '8.385', '7.348', '6.032'] elapsed=178s eta=44s
[med_do] Math 400/1500 losses=['2.408', '3.512', '0.648', '7.144'] elapsed=89s eta=245s
[small_do] Logic 1100/1500 losses=['2.452', '6.939', '1.388', '6.107'] elapsed=94s eta=34s
[small_do] Logic 1200/1500 losses=['2.478', '6.797', '1.436', '6.240'] elapsed=103s eta=26s
[med_do_2task] pretrain 200/2000 losses=['2.589', '3.006'] elapsed=37s eta=335s
[med_std] Math 1300/1500 losses=['1.507', '8.260', '7.384', '5.948'] elapsed=193s eta=30s
[small_do] Logic 1300/1500 losses=['2.454', '6.756', '1.448', '6.300'] elapsed=111s eta=17s
[med_do] Math 500/1500 losses=['2.410', '3.871', '0.665', '7.108'] elapsed=110s eta=219s
[small_do] Logic 1400/1500 losses=['2.468', '6.755', '1.455', '6.288'] elapsed=119s eta=8s
[med_std] Math 1400/1500 losses=['1.509', '8.574', '7.583', '6.031'] elapsed=207s eta=15s
[med_do_2task] pretrain 300/2000 losses=['2.570', '2.844'] elapsed=55s eta=309s
[small_do] Logic DONE in 128s final=['2.4831', '6.5255', '1.4729', '6.3493']
[small_do] Spell 0/1500 losses=['2.502', '6.560', '1.473', '6.347'] elapsed=3s eta=0s
[med_do] Math 600/1500 losses=['2.389', '3.984', '0.667', '7.149'] elapsed=131s eta=197s
[med_std] Math DONE in 222s final=['1.5075', '8.5499', '7.7303', '6.1262']
[small_do] Spell 100/1500 losses=['2.595', '6.987', '1.499', '1.514'] elapsed=11s eta=158s
[med_std] Code 0/1500 losses=['1.501', '7.970', '7.369', '5.822'] elapsed=4s eta=0s
[med_do_2task] pretrain 400/2000 losses=['2.448', '2.590'] elapsed=73s eta=290s
[small_do] Spell 200/1500 losses=['2.543', '6.785', '1.581', '1.416'] elapsed=20s eta=127s
[med_std] Code 100/1500 losses=['3.604', '0.942', '2.028', '2.810'] elapsed=19s eta=265s
[med_do] Math 700/1500 losses=['2.425', '3.802', '0.677', '7.240'] elapsed=152s eta=173s
[small_do] Spell 300/1500 losses=['2.556', '6.804', '1.667', '1.358'] elapsed=28s eta=111s
[med_do_2task] pretrain 500/2000 losses=['2.305', '2.273'] elapsed=90s eta=271s
[small_do] Spell 400/1500 losses=['2.517', '6.763', '1.704', '1.308'] elapsed=36s eta=100s
[med_std] Code 200/1500 losses=['3.696', '0.672', '3.132', '3.444'] elapsed=34s eta=218s
[small_do] Spell 500/1500 losses=['2.509', '6.863', '1.758', '1.279'] elapsed=44s eta=88s
[med_do_2task] pretrain 600/2000 losses=['2.223', '2.058'] elapsed=108s eta=251s
[med_do] Math 800/1500 losses=['2.468', '4.153', '0.688', '7.269'] elapsed=173s eta=151s
[small_do] Spell 600/1500 losses=['2.501', '6.964', '1.834', '1.257'] elapsed=53s eta=79s
[med_std] Code 300/1500 losses=['3.662', '0.570', '3.852', '3.926'] elapsed=49s eta=196s
[small_do] Spell 700/1500 losses=['2.522', '6.965', '1.836', '1.246'] elapsed=62s eta=71s
[med_do_2task] pretrain 700/2000 losses=['2.113', '1.883'] elapsed=126s eta=234s
[med_do] Math 900/1500 losses=['2.603', '4.697', '0.707', '7.289'] elapsed=195s eta=130s
[small_do] Spell 800/1500 losses=['2.495', '6.972', '1.903', '1.244'] elapsed=71s eta=62s
[med_std] Code 400/1500 losses=['3.772', '0.472', '4.101', '4.159'] elapsed=65s eta=177s
[small_do] Spell 900/1500 losses=['2.493', '7.099', '1.912', '1.235'] elapsed=79s eta=53s
[med_do_2task] pretrain 800/2000 losses=['2.019', '1.707'] elapsed=143s eta=215s
[med_std] Code 500/1500 losses=['3.899', '0.430', '4.352', '4.518'] elapsed=79s eta=158s
[small_do] Spell 1000/1500 losses=['2.493', '7.013', '1.946', '1.209'] elapsed=88s eta=44s
[med_do] Math 1000/1500 losses=['2.636', '4.977', '0.726', '7.439'] elapsed=216s eta=108s
[small_do] Spell 1100/1500 losses=['2.496', '7.236', '2.010', '1.233'] elapsed=96s eta=35s
[med_do_2task] pretrain 900/2000 losses=['1.953', '1.470'] elapsed=161s eta=196s
[med_std] Code 600/1500 losses=['3.917', '0.389', '4.431', '4.712'] elapsed=94s eta=141s
[small_do] Spell 1200/1500 losses=['2.486', '7.248', '2.070', '1.192'] elapsed=104s eta=26s
[small_do] Spell 1300/1500 losses=['2.486', '7.182', '2.086', '1.210'] elapsed=112s eta=17s
[med_do] Math 1100/1500 losses=['2.640', '5.239', '0.739', '7.313'] elapsed=237s eta=86s
[med_std] Code 700/1500 losses=['4.285', '0.358', '4.532', '5.050'] elapsed=109s eta=124s
[med_do_2task] pretrain 1000/2000 losses=['1.900', '1.347'] elapsed=179s eta=179s
[small_do] Spell 1400/1500 losses=['2.492', '7.111', '2.116', '1.180'] elapsed=121s eta=9s
[small_do] Spell DONE in 129s final=['2.4682', '7.2628', '2.1601', '1.1690']
[small_do] FINISHED in 695s (11.6min)
[small_do] Saved results to /home/ubuntu/DoubleO/scripts/../data/sweep/small_do.json
[med_do_3task] START | arch=doubleo dim=128 layers=4 tasks=3 params=806,784 clamp=2.0 norm=rmsnorm
[med_std] Code 800/1500 losses=['4.352', '0.340', '4.609', '5.103'] elapsed=124s eta=108s
[med_do_3task] pretrain 0/2000 losses=['4.074', '4.226', '4.151'] elapsed=4s eta=0s
[med_do] Math 1200/1500 losses=['2.642', '5.313', '0.760', '7.412'] elapsed=258s eta=64s
[med_do_2task] pretrain 1100/2000 losses=['1.852', '1.246'] elapsed=197s eta=161s
[med_std] Code 900/1500 losses=['4.254', '0.317', '4.897', '5.084'] elapsed=138s eta=92s
[med_do_2task] pretrain 1200/2000 losses=['1.802', '1.067'] elapsed=214s eta=142s
[med_do_3task] pretrain 100/2000 losses=['2.642', '3.038', '2.569'] elapsed=24s eta=447s
[med_do] Math 1300/1500 losses=['2.634', '5.497', '0.777', '7.552'] elapsed=280s eta=43s
[med_std] Code 1000/1500 losses=['4.703', '0.309', '4.830', '5.429'] elapsed=153s eta=76s
[med_do_2task] pretrain 1300/2000 losses=['1.764', '0.961'] elapsed=232s eta=125s
[med_do_3task] pretrain 200/2000 losses=['2.603', '3.021', '2.515'] elapsed=43s eta=386s
[med_std] Code 1100/1500 losses=['4.505', '0.274', '4.888', '5.560'] elapsed=168s eta=61s
[med_do] Math 1400/1500 losses=['2.603', '5.556', '0.806', '7.630'] elapsed=300s eta=21s
[med_do_2task] pretrain 1400/2000 losses=['1.704', '0.858'] elapsed=249s eta=107s
[med_std] Code 1200/1500 losses=['4.930', '0.278', '4.730', '5.711'] elapsed=183s eta=45s
[med_do_3task] pretrain 300/2000 losses=['2.587', '3.029', '2.180'] elapsed=63s eta=355s
[med_do] Math DONE in 321s final=['2.6285', '5.8102', '0.8313', '7.6396']
[med_do] Code 0/1500 losses=['2.601', '4.859', '0.830', '7.625'] elapsed=5s eta=0s
[med_std] Code 1300/1500 losses=['5.044', '0.256', '4.860', '6.004'] elapsed=196s eta=30s
[med_do_2task] pretrain 1500/2000 losses=['1.655', '0.763'] elapsed=266s eta=88s
[med_do_3task] pretrain 400/2000 losses=['2.563', '2.920', '1.636'] elapsed=82s eta=326s
[med_std] Code 1400/1500 losses=['5.095', '0.263', '5.083', '5.736'] elapsed=211s eta=15s
[med_do] Code 100/1500 losses=['2.388', '3.542', '0.819', '5.137'] elapsed=24s eta=333s
[med_do_2task] pretrain 1600/2000 losses=['1.614', '0.697'] elapsed=283s eta=71s
[med_do_3task] pretrain 500/2000 losses=['2.448', '2.679', '1.126'] elapsed=101s eta=302s
[med_std] Code DONE in 225s final=['5.0077', '0.2527', '5.0114', '5.8696']
[med_std] Logic 0/1500 losses=['5.046', '0.259', '4.645', '5.842'] elapsed=4s eta=0s
[med_do_2task] pretrain 1700/2000 losses=['1.605', '0.589'] elapsed=300s eta=53s
[med_do] Code 200/1500 losses=['2.346', '3.629', '0.811', '5.601'] elapsed=45s eta=290s
[med_do_3task] pretrain 600/2000 losses=['2.321', '2.525', '0.866'] elapsed=121s eta=281s
[med_std] Logic 100/1500 losses=['5.843', '3.195', '0.183', '5.510'] elapsed=18s eta=256s
[med_do_2task] pretrain 1800/2000 losses=['1.579', '0.539'] elapsed=318s eta=35s
[med_do] Code 300/1500 losses=['2.358', '3.665', '0.829', '5.858'] elapsed=65s eta=260s
[med_std] Logic 200/1500 losses=['6.360', '3.451', '0.172', '5.829'] elapsed=32s eta=209s
[med_do_3task] pretrain 700/2000 losses=['2.241', '2.351', '0.774'] elapsed=140s eta=260s
[med_do_2task] pretrain 1900/2000 losses=['1.574', '0.470'] elapsed=334s eta=17s
[med_std] Logic 300/1500 losses=['6.882', '4.021', '0.166', '5.968'] elapsed=47s eta=186s
[med_do] Code 400/1500 losses=['2.374', '3.702', '0.856', '5.800'] elapsed=86s eta=235s
[med_do_3task] pretrain 800/2000 losses=['2.188', '2.163', '0.709'] elapsed=159s eta=238s
[med_do_2task] pretrain DONE in 352s final=['1.5647', '0.4283']
[med_do_2task] Math 0/1500 losses=['1.572', '0.419'] elapsed=2s eta=0s
[med_std] Logic 400/1500 losses=['6.681', '4.037', '0.163', '6.041'] elapsed=61s eta=167s
[med_do] Code 500/1500 losses=['2.375', '3.664', '0.904', '5.891'] elapsed=107s eta=213s
[med_std] Logic 500/1500 losses=['6.916', '4.468', '0.158', '6.146'] elapsed=76s eta=151s
[med_do_3task] pretrain 900/2000 losses=['2.134', '2.026', '0.667'] elapsed=179s eta=219s
[med_do_2task] Math 100/1500 losses=['1.581', '6.736'] elapsed=19s eta=256s
[med_std] Logic 600/1500 losses=['6.939', '4.687', '0.156', '6.204'] elapsed=90s eta=135s
[med_do] Code 600/1500 losses=['2.377', '3.645', '0.939', '5.980'] elapsed=127s eta=191s
[med_do_2task] Math 200/1500 losses=['1.582', '7.598'] elapsed=34s eta=220s
[med_do_3task] pretrain 1000/2000 losses=['2.092', '1.911', '0.635'] elapsed=198s eta=198s
[med_std] Logic 700/1500 losses=['6.822', '4.798', '0.155', '6.218'] elapsed=105s eta=119s
[med_do_2task] Math 300/1500 losses=['1.582', '8.112'] elapsed=50s eta=198s
[med_do] Code 700/1500 losses=['2.407', '3.613', '0.998', '5.984'] elapsed=148s eta=169s
[med_do_3task] pretrain 1100/2000 losses=['2.008', '1.785', '0.622'] elapsed=217s eta=177s
[med_std] Logic 800/1500 losses=['6.827', '5.067', '0.151', '6.295'] elapsed=120s eta=105s
[med_do_2task] Math 400/1500 losses=['1.579', '8.519'] elapsed=66s eta=180s
[med_do] Code 800/1500 losses=['2.441', '3.656', '1.012', '6.021'] elapsed=169s eta=148s
[med_do_3task] pretrain 1200/2000 losses=['1.928', '1.662', '0.609'] elapsed=238s eta=158s
[med_std] Logic 900/1500 losses=['7.214', '5.124', '0.148', '6.284'] elapsed=136s eta=90s
[med_do_2task] Math 500/1500 losses=['1.581', '8.702'] elapsed=82s eta=163s
[med_std] Logic 1000/1500 losses=['7.152', '5.285', '0.148', '6.418'] elapsed=150s eta=75s
[med_do] Code 900/1500 losses=['2.450', '3.666', '1.023', '6.020'] elapsed=189s eta=126s
[med_do_2task] Math 600/1500 losses=['1.582', '8.876'] elapsed=96s eta=144s
[med_do_3task] pretrain 1300/2000 losses=['1.885', '1.517', '0.605'] elapsed=258s eta=138s
[med_std] Logic 1100/1500 losses=['7.413', '5.314', '0.147', '6.533'] elapsed=164s eta=59s
[med_do_2task] Math 700/1500 losses=['1.590', '9.104'] elapsed=112s eta=127s
[med_do] Code 1000/1500 losses=['2.471', '3.625', '1.091', '6.094'] elapsed=210s eta=104s
[med_do_3task] pretrain 1400/2000 losses=['1.830', '1.399', '0.605'] elapsed=277s eta=118s
[med_std] Logic 1200/1500 losses=['7.441', '5.313', '0.148', '6.625'] elapsed=179s eta=45s
[med_do_2task] Math 800/1500 losses=['1.584', '9.102'] elapsed=128s eta=111s
[med_do_3task] pretrain 1500/2000 losses=['1.792', '1.333', '0.590'] elapsed=297s eta=99s
[med_std] Logic 1300/1500 losses=['7.436', '5.187', '0.147', '6.535'] elapsed=195s eta=30s
[med_do] Code 1100/1500 losses=['2.463', '3.666', '1.123', '6.202'] elapsed=232s eta=84s
[med_do_2task] Math 900/1500 losses=['1.590', '9.251'] elapsed=144s eta=96s
[med_std] Logic 1400/1500 losses=['7.482', '5.564', '0.144', '6.579'] elapsed=209s eta=15s
[med_do_3task] pretrain 1600/2000 losses=['1.738', '1.128', '0.589'] elapsed=316s eta=79s
[med_do] Code 1200/1500 losses=['2.470', '3.655', '1.146', '6.084'] elapsed=252s eta=63s
[med_do_2task] Math 1000/1500 losses=['1.594', '9.266'] elapsed=159s eta=79s
[med_std] Logic DONE in 223s final=['7.9127', '5.9367', '0.1452', '6.7191']
[med_std] Spell 0/1500 losses=['7.494', '5.858', '0.147', '6.243'] elapsed=4s eta=0s
[med_do_2task] Math 1100/1500 losses=['1.600', '9.305'] elapsed=174s eta=63s
[med_do_3task] pretrain 1700/2000 losses=['1.692', '1.050', '0.575'] elapsed=336s eta=59s
[med_do] Code 1300/1500 losses=['2.464', '3.660', '1.166', '6.151'] elapsed=273s eta=42s
[med_std] Spell 100/1500 losses=['6.611', '6.086', '2.678', '1.027'] elapsed=19s eta=263s
[med_do_2task] Math 1200/1500 losses=['1.596', '9.480'] elapsed=191s eta=48s
[med_do_3task] pretrain 1800/2000 losses=['1.650', '0.931', '0.566'] elapsed=354s eta=39s
[med_std] Spell 200/1500 losses=['6.465', '5.430', '2.010', '0.936'] elapsed=34s eta=220s
[med_do] Code 1400/1500 losses=['2.453', '3.673', '1.240', '6.201'] elapsed=296s eta=21s
[med_do_2task] Math 1300/1500 losses=['1.599', '9.673'] elapsed=206s eta=32s
[med_do_3task] pretrain 1900/2000 losses=['1.619', '0.842', '0.558'] elapsed=373s eta=19s
[med_std] Spell 300/1500 losses=['5.892', '5.398', '2.063', '0.835'] elapsed=48s eta=193s
[med_do_2task] Math 1400/1500 losses=['1.603', '9.476'] elapsed=222s eta=16s
[med_do] Code DONE in 316s final=['2.4632', '3.7628', '1.2698', '6.1782']
[med_do] Logic 0/1500 losses=['2.463', '3.732', '0.994', '6.139'] elapsed=5s eta=0s
[med_std] Spell 400/1500 losses=['6.261', '5.272', '2.453', '0.741'] elapsed=63s eta=172s
[med_do_3task] pretrain DONE in 392s final=['1.5931', '0.7437', '0.5324']
[med_do_3task] Math 0/1500 losses=['1.600', '0.764', '0.531'] elapsed=3s eta=0s
[med_do_2task] Math DONE in 237s final=['1.6036', '9.5524']
[med_do_2task] Code 0/1500 losses=['1.607', '9.211'] elapsed=2s eta=0s
[med_std] Spell 500/1500 losses=['6.421', '5.354', '2.944', '0.706'] elapsed=77s eta=154s
[med_do] Logic 100/1500 losses=['2.457', '4.036', '1.343', '6.180'] elapsed=26s eta=355s
[med_do_3task] Math 100/1500 losses=['1.763', '0.857', '6.273'] elapsed=23s eta=315s
[med_do_2task] Code 100/1500 losses=['1.600', '0.459'] elapsed=18s eta=251s
[med_std] Spell 600/1500 losses=['6.604', '5.528', '3.125', '0.663'] elapsed=92s eta=138s
[med_do] Logic 200/1500 losses=['2.471', '4.122', '1.381', '6.254'] elapsed=47s eta=306s
[med_do_2task] Code 200/1500 losses=['1.602', '0.367'] elapsed=33s eta=216s
[med_std] Spell 700/1500 losses=['7.108', '5.530', '3.064', '0.646'] elapsed=107s eta=121s
[med_do_3task] Math 200/1500 losses=['1.803', '0.934', '6.450'] elapsed=41s eta=268s
[med_std] Spell 800/1500 losses=['7.320', '5.569', '3.289', '0.630'] elapsed=121s eta=105s
[med_do_2task] Code 300/1500 losses=['1.605', '0.326'] elapsed=49s eta=194s
[med_do] Logic 300/1500 losses=['2.470', '4.097', '1.367', '6.299'] elapsed=68s eta=270s
[med_do_3task] Math 300/1500 losses=['1.834', '1.024', '6.878'] elapsed=60s eta=239s
[med_std] Spell 900/1500 losses=['7.249', '5.806', '3.569', '0.612'] elapsed=135s eta=90s
[med_do_2task] Code 400/1500 losses=['1.608', '0.309'] elapsed=64s eta=176s
[med_do_3task] Math 400/1500 losses=['1.834', '1.171', '7.232'] elapsed=79s eta=216s
[med_do] Logic 400/1500 losses=['2.482', '4.112', '1.390', '6.706'] elapsed=89s eta=244s
[med_std] Spell 1000/1500 losses=['7.250', '5.852', '3.495', '0.598'] elapsed=150s eta=75s
[med_do_2task] Code 500/1500 losses=['1.616', '0.298'] elapsed=80s eta=159s
[med_do_3task] Math 500/1500 losses=['1.842', '1.266', '7.571'] elapsed=97s eta=193s
[med_std] Spell 1100/1500 losses=['7.209', '6.113', '4.003', '0.588'] elapsed=165s eta=60s
[med_do_2task] Code 600/1500 losses=['1.621', '0.280'] elapsed=95s eta=141s
[med_do] Logic 500/1500 losses=['2.504', '4.073', '1.392', '6.728'] elapsed=110s eta=220s
[med_std] Spell 1200/1500 losses=['7.071', '6.051', '3.991', '0.568'] elapsed=180s eta=45s
[med_do_3task] Math 600/1500 losses=['1.848', '1.351', '7.874'] elapsed=115s eta=172s
[med_do_2task] Code 700/1500 losses=['1.632', '0.262'] elapsed=110s eta=125s
[med_do] Logic 600/1500 losses=['2.485', '4.075', '1.386', '6.605'] elapsed=131s eta=196s
[med_std] Spell 1300/1500 losses=['6.993', '6.282', '4.161', '0.562'] elapsed=194s eta=30s
[med_do_2task] Code 800/1500 losses=['1.640', '0.255'] elapsed=126s eta=110s
[med_do_3task] Math 700/1500 losses=['1.877', '1.463', '8.063'] elapsed=134s eta=153s
[med_do] Logic 700/1500 losses=['2.487', '4.034', '1.414', '6.609'] elapsed=153s eta=174s
[med_std] Spell 1400/1500 losses=['7.225', '6.048', '4.314', '0.547'] elapsed=210s eta=15s
[med_do_2task] Code 900/1500 losses=['1.639', '0.250'] elapsed=143s eta=95s
[med_do_3task] Math 800/1500 losses=['1.908', '1.602', '8.222'] elapsed=153s eta=133s
[med_std] Spell DONE in 224s final=['7.3127', '6.3514', '4.3560', '0.5406']
[med_std] FINISHED in 1246s (20.8min)
[med_std] Saved results to /home/ubuntu/DoubleO/scripts/../data/sweep/med_std.json
[med_do_noclamp] START | arch=doubleo dim=128 layers=4 tasks=4 params=806,784 clamp=0.0 norm=rmsnorm
[med_do_2task] Code 1000/1500 losses=['1.660', '0.247'] elapsed=158s eta=79s
[med_do] Logic 800/1500 losses=['2.495', '4.038', '1.458', '6.658'] elapsed=173s eta=151s
[med_do_noclamp] pretrain 0/2000 losses=['4.027', '4.013', '4.171', '4.143'] elapsed=5s eta=0s
[med_do_3task] Math 900/1500 losses=['1.911', '1.657', '8.254'] elapsed=171s eta=114s
[med_do_2task] Code 1100/1500 losses=['1.668', '0.233'] elapsed=173s eta=63s
[med_do] Logic 900/1500 losses=['2.524', '4.003', '1.504', '6.873'] elapsed=193s eta=128s
[med_do_noclamp] pretrain 100/2000 losses=['2.655', '3.049', '2.590', '3.064'] elapsed=25s eta=479s
[med_do_3task] Math 1000/1500 losses=['1.925', '1.726', '8.442'] elapsed=190s eta=95s
[med_do_2task] Code 1200/1500 losses=['1.685', '0.215'] elapsed=189s eta=47s
[med_do] Logic 1000/1500 losses=['2.496', '3.973', '1.534', '6.790'] elapsed=214s eta=107s
[med_do_noclamp] pretrain 200/2000 losses=['2.614', '3.044', '2.539', '2.843'] elapsed=47s eta=422s
[med_do_3task] Math 1100/1500 losses=['1.939', '1.781', '8.402'] elapsed=209s eta=76s
[med_do_2task] Code 1300/1500 losses=['1.678', '0.216'] elapsed=205s eta=31s
[med_do] Logic 1100/1500 losses=['2.490', '4.030', '1.598', '6.858'] elapsed=235s eta=85s
[med_do_2task] Code 1400/1500 losses=['1.682', '0.218'] elapsed=220s eta=16s
[med_do_3task] Math 1200/1500 losses=['1.930', '1.874', '8.513'] elapsed=227s eta=56s
[med_do_noclamp] pretrain 300/2000 losses=['2.596', '3.028', '2.513', '2.826'] elapsed=69s eta=387s
[med_do_2task] Code DONE in 236s final=['1.6878', '0.2138']
[med_do_2task] FINISHED in 825s (13.7min)
[med_do_2task] Saved results to /home/ubuntu/DoubleO/scripts/../data/sweep/med_do_2task.json
[med_do_ln] START | arch=doubleo dim=128 layers=4 tasks=4 params=807,936 clamp=2.0 norm=layernorm
[med_do_3task] Math 1300/1500 losses=['1.981', '1.948', '8.571'] elapsed=245s eta=37s
[med_do] Logic 1200/1500 losses=['2.517', '4.022', '1.604', '6.959'] elapsed=255s eta=64s
[med_do_ln] pretrain 0/2000 losses=['3.985', '4.164', '4.146', '4.182'] elapsed=5s eta=0s
[med_do_noclamp] pretrain 400/2000 losses=['2.588', '3.028', '2.452', '2.820'] elapsed=89s eta=356s
[med_do_3task] Math 1400/1500 losses=['2.001', '2.011', '8.514'] elapsed=265s eta=19s
[med_do] Logic 1300/1500 losses=['2.510', '4.038', '1.699', '6.996'] elapsed=278s eta=43s
[med_do_ln] pretrain 100/2000 losses=['2.659', '3.042', '2.584', '3.072'] elapsed=28s eta=523s
[med_do_noclamp] pretrain 500/2000 losses=['2.583', '3.007', '2.141', '2.787'] elapsed=112s eta=336s
[med_do_3task] Math DONE in 284s final=['2.0016', '2.1023', '8.6856']
[med_do_3task] Code 0/1500 losses=['2.012', '1.917', '8.680'] elapsed=4s eta=0s
[med_do] Logic 1400/1500 losses=['2.512', '3.994', '1.781', '7.066'] elapsed=298s eta=21s
[med_do_ln] pretrain 200/2000 losses=['2.610', '3.038', '2.536', '2.844'] elapsed=49s eta=436s
[med_do_noclamp] pretrain 600/2000 losses=['2.548', '2.868', '1.757', '2.499'] elapsed=133s eta=310s
[med_do_3task] Code 100/1500 losses=['2.171', '2.195', '5.235'] elapsed=23s eta=317s
[med_do] Logic DONE in 319s final=['2.5124', '4.0161', '1.7328', '6.9610']
[med_do_ln] pretrain 300/2000 losses=['2.596', '3.021', '2.510', '2.827'] elapsed=70s eta=398s
[med_do_noclamp] pretrain 700/2000 losses=['2.381', '2.755', '1.384', '2.392'] elapsed=155s eta=287s
[med_do] Spell 0/1500 losses=['2.504', '4.047', '1.737', '6.651'] elapsed=5s eta=0s
[med_do_3task] Code 200/1500 losses=['2.279', '2.291', '6.072'] elapsed=43s eta=279s
[med_do_ln] pretrain 400/2000 losses=['2.586', '3.018', '2.374', '2.821'] elapsed=92s eta=367s
[med_do_noclamp] pretrain 800/2000 losses=['2.311', '2.697', '1.097', '2.328'] elapsed=177s eta=264s
[med_do] Spell 100/1500 losses=['2.592', '4.509', '1.763', '1.071'] elapsed=26s eta=363s
[med_do_3task] Code 300/1500 losses=['2.249', '2.340', '6.645'] elapsed=62s eta=246s
[med_do_ln] pretrain 500/2000 losses=['2.572', '3.054', '1.990', '2.734'] elapsed=113s eta=340s
[med_do_noclamp] pretrain 900/2000 losses=['2.287', '2.566', '0.914', '2.286'] elapsed=198s eta=241s
[med_do] Spell 200/1500 losses=['2.588', '4.494', '1.853', '1.051'] elapsed=47s eta=306s
[med_do_3task] Code 400/1500 losses=['2.251', '2.338', '6.838'] elapsed=80s eta=220s
[med_do] Spell 300/1500 losses=['2.603', '4.466', '1.839', '1.037'] elapsed=69s eta=274s
[med_do_ln] pretrain 600/2000 losses=['2.481', '2.777', '1.666', '2.433'] elapsed=136s eta=316s
[med_do_noclamp] pretrain 1000/2000 losses=['2.263', '2.464', '0.826', '2.214'] elapsed=220s eta=219s
[med_do_3task] Code 500/1500 losses=['2.234', '2.450', '7.096'] elapsed=100s eta=198s
[med_do_ln] pretrain 700/2000 losses=['2.344', '2.657', '1.364', '2.328'] elapsed=157s eta=291s
[med_do] Spell 400/1500 losses=['2.620', '4.434', '1.875', '1.012'] elapsed=90s eta=247s
[med_do_noclamp] pretrain 1100/2000 losses=['2.233', '2.357', '0.757', '2.175'] elapsed=241s eta=197s
[med_do_3task] Code 600/1500 losses=['2.242', '2.460', '7.260'] elapsed=118s eta=177s
[med_do_ln] pretrain 800/2000 losses=['2.294', '2.599', '1.128', '2.260'] elapsed=178s eta=266s
[med_do_3task] Code 700/1500 losses=['2.233', '2.653', '7.215'] elapsed=137s eta=156s
[med_do] Spell 500/1500 losses=['2.601', '4.507', '1.881', '1.015'] elapsed=111s eta=222s
[med_do_noclamp] pretrain 1200/2000 losses=['2.203', '2.281', '0.714', '2.113'] elapsed=262s eta=175s
[med_do_3task] Code 800/1500 losses=['2.211', '2.619', '7.392'] elapsed=157s eta=137s
[med_do_ln] pretrain 900/2000 losses=['2.276', '2.479', '0.928', '2.192'] elapsed=200s eta=244s
[med_do] Spell 600/1500 losses=['2.611', '4.553', '1.880', '1.012'] elapsed=133s eta=199s
[med_do_noclamp] pretrain 1300/2000 losses=['2.169', '2.137', '0.681', '2.056'] elapsed=285s eta=153s
[med_do_3task] Code 900/1500 losses=['2.212', '2.649', '7.598'] elapsed=175s eta=117s
[med_do] Spell 700/1500 losses=['2.590', '4.483', '1.959', '1.005'] elapsed=153s eta=175s
[med_do_ln] pretrain 1000/2000 losses=['2.253', '2.388', '0.854', '2.139'] elapsed=222s eta=221s
[med_do_noclamp] pretrain 1400/2000 losses=['2.110', '2.011', '0.652', '1.994'] elapsed=306s eta=131s
[med_do_3task] Code 1000/1500 losses=['2.222', '2.803', '7.642'] elapsed=194s eta=97s
[med_do] Spell 800/1500 losses=['2.573', '4.471', '1.981', '1.004'] elapsed=173s eta=151s
[med_do_noclamp] pretrain 1500/2000 losses=['2.061', '1.913', '0.642', '1.942'] elapsed=326s eta=108s
[med_do_ln] pretrain 1100/2000 losses=['2.224', '2.323', '0.765', '2.080'] elapsed=242s eta=198s
[med_do_3task] Code 1100/1500 losses=['2.209', '2.825', '8.048'] elapsed=213s eta=77s
[med_do] Spell 900/1500 losses=['2.601', '4.457', '2.160', '1.007'] elapsed=196s eta=130s
[med_do_noclamp] pretrain 1600/2000 losses=['2.023', '1.817', '0.630', '1.908'] elapsed=348s eta=87s
[med_do_ln] pretrain 1200/2000 losses=['2.199', '2.177', '0.724', '2.015'] elapsed=265s eta=176s
[med_do_3task] Code 1200/1500 losses=['2.219', '2.898', '7.727'] elapsed=232s eta=58s
[med_do] Spell 1000/1500 losses=['2.613', '4.500', '2.204', '0.998'] elapsed=218s eta=109s
[med_do_noclamp] pretrain 1700/2000 losses=['1.969', '1.713', '0.612', '1.864'] elapsed=369s eta=65s
[med_do_ln] pretrain 1300/2000 losses=['2.157', '2.094', '0.695', '1.963'] elapsed=287s eta=154s
[med_do_3task] Code 1300/1500 losses=['2.255', '2.891', '7.887'] elapsed=251s eta=38s
[med_do] Spell 1100/1500 losses=['2.640', '4.441', '2.277', '0.973'] elapsed=239s eta=87s
[med_do_noclamp] pretrain 1800/2000 losses=['1.923', '1.564', '0.606', '1.823'] elapsed=390s eta=43s
[med_do_ln] pretrain 1400/2000 losses=['2.118', '1.989', '0.661', '1.907'] elapsed=307s eta=131s
[med_do_3task] Code 1400/1500 losses=['2.254', '2.980', '8.012'] elapsed=271s eta=19s
[med_do_noclamp] pretrain 1900/2000 losses=['1.875', '1.462', '0.601', '1.802'] elapsed=412s eta=21s
[med_do] Spell 1200/1500 losses=['2.662', '4.386', '2.388', '0.977'] elapsed=262s eta=65s
[med_do_ln] pretrain 1500/2000 losses=['2.065', '1.905', '0.640', '1.852'] elapsed=330s eta=110s
[med_do_3task] Code DONE in 290s final=['2.2301', '3.0605', '7.9519']
[med_do_3task] Logic 0/1500 losses=['2.242', '3.032', '7.423'] elapsed=4s eta=0s
[med_do_noclamp] pretrain DONE in 433s final=['1.8540', '1.3116', '0.5946', '1.7619']
[med_do] Spell 1300/1500 losses=['2.687', '4.497', '2.515', '0.958'] elapsed=283s eta=43s
[med_do_ln] pretrain 1600/2000 losses=['2.012', '1.784', '0.617', '1.779'] elapsed=352s eta=88s
[med_do_noclamp] Math 0/1500 losses=['1.879', '1.309', '0.595', '1.764'] elapsed=5s eta=0s
[med_do_3task] Logic 100/1500 losses=['2.265', '3.354', '0.209'] elapsed=23s eta=319s
[med_do] Spell 1400/1500 losses=['2.695', '4.449', '2.608', '0.944'] elapsed=305s eta=22s
[med_do_ln] pretrain 1700/2000 losses=['1.966', '1.687', '0.608', '1.740'] elapsed=374s eta=66s
[med_do_3task] Logic 200/1500 losses=['2.306', '3.378', '0.183'] elapsed=43s eta=279s
[med_do_noclamp] Math 100/1500 losses=['3.146', '3.703', '0.625', '6.972'] elapsed=26s eta=363s
[med_do_3task] Logic 300/1500 losses=['2.279', '3.411', '0.177'] elapsed=63s eta=249s
[med_do] Spell DONE in 328s final=['2.6646', '4.4770', '2.6902', '0.9390']
[med_do] FINISHED in 1726s (28.8min)
[med_do] Saved results to /home/ubuntu/DoubleO/scripts/../data/sweep/med_do.json
[med_do_ln] pretrain 1800/2000 losses=['1.889', '1.600', '0.593', '1.711'] elapsed=396s eta=44s
[med_do_noclamp] Math 200/1500 losses=['3.080', '3.816', '0.631', '7.052'] elapsed=47s eta=302s
[med_do_3task] Logic 400/1500 losses=['2.265', '3.431', '0.174'] elapsed=80s eta=219s
[med_do_noclamp] Math 300/1500 losses=['3.009', '4.041', '0.636', '7.160'] elapsed=65s eta=261s
[med_do_ln] pretrain 1900/2000 losses=['1.837', '1.452', '0.590', '1.676'] elapsed=415s eta=22s
[med_do_3task] Logic 500/1500 losses=['2.275', '3.478', '0.173'] elapsed=97s eta=194s
[med_do_noclamp] Math 400/1500 losses=['2.986', '4.445', '0.635', '7.189'] elapsed=84s eta=230s
[med_do_ln] pretrain DONE in 436s final=['1.7984', '1.3130', '0.5770', '1.6399']
[med_do_ln] Math 0/1500 losses=['1.815', '1.327', '0.582', '1.642'] elapsed=5s eta=0s
[med_do_3task] Logic 600/1500 losses=['2.268', '3.480', '0.173'] elapsed=115s eta=172s
[med_do_noclamp] Math 500/1500 losses=['2.926', '4.307', '0.649', '7.260'] elapsed=103s eta=206s
[med_do_ln] Math 100/1500 losses=['2.622', '3.035', '0.615', '6.894'] elapsed=24s eta=334s
[med_do_3task] Logic 700/1500 losses=['2.307', '3.423', '0.175'] elapsed=132s eta=151s
[med_do_noclamp] Math 600/1500 losses=['2.906', '4.263', '0.642', '7.267'] elapsed=122s eta=182s
[med_do_ln] Math 200/1500 losses=['2.579', '3.451', '0.615', '7.124'] elapsed=44s eta=285s
[med_do_3task] Logic 800/1500 losses=['2.311', '3.528', '0.171'] elapsed=150s eta=131s
[med_do_noclamp] Math 700/1500 losses=['2.896', '4.221', '0.660', '7.295'] elapsed=141s eta=161s
[med_do_ln] Math 300/1500 losses=['2.561', '3.309', '0.616', '7.194'] elapsed=64s eta=255s
[med_do_3task] Logic 900/1500 losses=['2.301', '3.464', '0.169'] elapsed=169s eta=112s
[med_do_noclamp] Math 800/1500 losses=['2.898', '4.118', '0.654', '7.337'] elapsed=161s eta=141s
[med_do_3task] Logic 1000/1500 losses=['2.311', '3.519', '0.168'] elapsed=186s eta=93s
[med_do_ln] Math 400/1500 losses=['2.555', '3.518', '0.619', '7.206'] elapsed=83s eta=229s
[med_do_noclamp] Math 900/1500 losses=['2.892', '3.733', '0.667', '7.268'] elapsed=180s eta=119s
[med_do_3task] Logic 1100/1500 losses=['2.323', '3.576', '0.169'] elapsed=204s eta=74s
[med_do_ln] Math 500/1500 losses=['2.548', '3.623', '0.630', '7.258'] elapsed=103s eta=205s
[med_do_noclamp] Math 1000/1500 losses=['2.902', '3.116', '0.667', '7.313'] elapsed=199s eta=99s
[med_do_3task] Logic 1200/1500 losses=['2.329', '3.562', '0.168'] elapsed=222s eta=55s
[med_do_ln] Math 600/1500 losses=['2.518', '3.722', '0.637', '7.371'] elapsed=122s eta=183s
[med_do_noclamp] Math 1100/1500 losses=['2.882', '3.031', '0.682', '7.376'] elapsed=217s eta=79s
[med_do_3task] Logic 1300/1500 losses=['2.360', '3.611', '0.167'] elapsed=240s eta=37s
[med_do_ln] Math 700/1500 losses=['2.483', '3.578', '0.646', '7.393'] elapsed=141s eta=161s
[med_do_noclamp] Math 1200/1500 losses=['2.891', '3.159', '0.728', '7.358'] elapsed=236s eta=59s
[med_do_3task] Logic 1400/1500 losses=['2.339', '3.592', '0.163'] elapsed=257s eta=18s
[med_do_ln] Math 800/1500 losses=['2.473', '3.348', '0.657', '7.456'] elapsed=160s eta=140s
[med_do_noclamp] Math 1300/1500 losses=['2.900', '3.622', '0.779', '7.201'] elapsed=255s eta=39s
[med_do_3task] Logic DONE in 275s final=['2.3661', '3.6542', '0.1621']
[med_do_3task] FINISHED in 1242s (20.7min)
[med_do_3task] Saved results to /home/ubuntu/DoubleO/scripts/../data/sweep/med_do_3task.json
[med_do_ln] Math 900/1500 losses=['2.471', '3.338', '0.680', '7.529'] elapsed=179s eta=119s
[med_do_noclamp] Math 1400/1500 losses=['2.902', '4.111', '0.819', '7.468'] elapsed=274s eta=19s
[med_do_ln] Math 1000/1500 losses=['2.442', '3.503', '0.718', '7.493'] elapsed=197s eta=98s
[med_do_noclamp] Math DONE in 291s final=['2.9080', '4.3357', '0.8828', '7.4088']
[med_do_noclamp] Code 0/1500 losses=['2.882', '3.292', '0.892', '7.398'] elapsed=4s eta=0s
[med_do_ln] Math 1100/1500 losses=['2.468', '3.782', '0.736', '7.498'] elapsed=214s eta=78s
[med_do_noclamp] Code 100/1500 losses=['2.683', '3.272', '0.876', '5.403'] elapsed=22s eta=299s
[med_do_ln] Math 1200/1500 losses=['2.470', '4.199', '0.761', '7.595'] elapsed=232s eta=58s
[med_do_noclamp] Code 200/1500 losses=['2.639', '3.550', '0.896', '5.607'] elapsed=40s eta=256s
[med_do_ln] Math 1300/1500 losses=['2.467', '4.249', '0.789', '7.576'] elapsed=250s eta=38s
[med_do_noclamp] Code 300/1500 losses=['2.643', '3.587', '0.918', '5.800'] elapsed=57s eta=227s
[med_do_ln] Math 1400/1500 losses=['2.466', '4.581', '0.836', '7.576'] elapsed=268s eta=19s
[med_do_noclamp] Code 400/1500 losses=['2.638', '3.730', '0.974', '5.744'] elapsed=74s eta=204s
[med_do_ln] Math DONE in 286s final=['2.4805', '4.5454', '0.8744', '7.5039']
[med_do_ln] Code 0/1500 losses=['2.485', '3.991', '0.871', '7.524'] elapsed=4s eta=0s
[med_do_noclamp] Code 500/1500 losses=['2.619', '3.826', '1.025', '5.965'] elapsed=92s eta=183s
[med_do_ln] Code 100/1500 losses=['2.478', '4.187', '0.945', '5.106'] elapsed=23s eta=313s
[med_do_noclamp] Code 600/1500 losses=['2.662', '3.775', '1.081', '5.949'] elapsed=110s eta=164s
[med_do_ln] Code 200/1500 losses=['2.474', '4.139', '0.928', '5.306'] elapsed=40s eta=260s
[med_do_noclamp] Code 700/1500 losses=['2.652', '3.753', '1.131', '5.910'] elapsed=127s eta=145s
[med_do_ln] Code 300/1500 losses=['2.486', '4.123', '0.964', '5.265'] elapsed=58s eta=231s
[med_do_noclamp] Code 800/1500 losses=['2.645', '3.817', '1.176', '6.062'] elapsed=144s eta=126s
[med_do_ln] Code 400/1500 losses=['2.446', '4.116', '1.027', '5.378'] elapsed=76s eta=209s
[med_do_noclamp] Code 900/1500 losses=['2.645', '3.839', '1.242', '6.141'] elapsed=163s eta=108s
[med_do_ln] Code 500/1500 losses=['2.446', '4.200', '1.047', '5.634'] elapsed=94s eta=187s
[med_do_noclamp] Code 1000/1500 losses=['2.630', '3.944', '1.313', '6.061'] elapsed=180s eta=90s
[med_do_ln] Code 600/1500 losses=['2.449', '4.193', '1.086', '5.533'] elapsed=111s eta=167s
[med_do_noclamp] Code 1100/1500 losses=['2.592', '3.900', '1.347', '6.234'] elapsed=198s eta=72s
[med_do_ln] Code 700/1500 losses=['2.459', '4.274', '1.139', '5.628'] elapsed=129s eta=147s
[med_do_noclamp] Code 1200/1500 losses=['2.564', '3.948', '1.428', '6.172'] elapsed=215s eta=54s
[med_do_ln] Code 800/1500 losses=['2.466', '4.340', '1.176', '5.684'] elapsed=147s eta=128s
[med_do_noclamp] Code 1300/1500 losses=['2.564', '4.017', '1.502', '6.146'] elapsed=232s eta=36s
[med_do_ln] Code 900/1500 losses=['2.447', '4.268', '1.181', '5.584'] elapsed=164s eta=109s
[med_do_noclamp] Code 1400/1500 losses=['2.596', '4.117', '1.622', '6.200'] elapsed=249s eta=18s
[med_do_ln] Code 1000/1500 losses=['2.431', '4.286', '1.191', '5.794'] elapsed=181s eta=90s
[med_do_noclamp] Code DONE in 266s final=['2.5999', '4.2424', '1.6637', '6.1831']
[med_do_noclamp] Logic 0/1500 losses=['2.605', '4.306', '1.298', '6.271'] elapsed=4s eta=0s
[med_do_ln] Code 1100/1500 losses=['2.427', '4.285', '1.217', '5.839'] elapsed=199s eta=72s
[med_do_noclamp] Logic 100/1500 losses=['2.488', '5.063', '1.715', '6.613'] elapsed=22s eta=303s
[med_do_ln] Code 1200/1500 losses=['2.419', '4.276', '1.272', '5.707'] elapsed=217s eta=54s
[med_do_noclamp] Logic 200/1500 losses=['2.497', '5.171', '1.762', '6.764'] elapsed=39s eta=255s
[med_do_ln] Code 1300/1500 losses=['2.430', '4.246', '1.290', '5.820'] elapsed=235s eta=36s
[med_do_noclamp] Logic 300/1500 losses=['2.509', '5.228', '1.727', '7.108'] elapsed=57s eta=225s
[med_do_ln] Code 1400/1500 losses=['2.438', '4.258', '1.291', '5.689'] elapsed=252s eta=18s
[med_do_noclamp] Logic 400/1500 losses=['2.519', '5.245', '1.770', '7.079'] elapsed=75s eta=205s
[med_do_ln] Code DONE in 270s final=['2.4457', '4.2194', '1.3274', '5.8271']
[med_do_ln] Logic 0/1500 losses=['2.445', '4.206', '1.090', '5.791'] elapsed=4s eta=0s
[med_do_noclamp] Logic 500/1500 losses=['2.531', '5.232', '1.773', '7.122'] elapsed=92s eta=184s
[med_do_ln] Logic 100/1500 losses=['2.462', '4.602', '1.610', '6.370'] elapsed=21s eta=296s
[med_do_noclamp] Logic 600/1500 losses=['2.547', '5.142', '1.771', '7.166'] elapsed=109s eta=163s
[med_do_ln] Logic 200/1500 losses=['2.452', '4.467', '1.554', '6.494'] elapsed=39s eta=252s
[med_do_noclamp] Logic 700/1500 losses=['2.520', '5.114', '1.816', '7.235'] elapsed=127s eta=145s
[med_do_ln] Logic 300/1500 losses=['2.436', '4.496', '1.566', '6.610'] elapsed=57s eta=226s
[med_do_noclamp] Logic 800/1500 losses=['2.511', '5.033', '1.828', '7.209'] elapsed=144s eta=126s
[med_do_ln] Logic 400/1500 losses=['2.450', '4.465', '1.619', '6.668'] elapsed=75s eta=206s
[med_do_noclamp] Logic 900/1500 losses=['2.531', '4.991', '1.798', '7.310'] elapsed=162s eta=108s
[med_do_ln] Logic 500/1500 losses=['2.449', '4.398', '1.594', '6.899'] elapsed=93s eta=185s
[med_do_noclamp] Logic 1000/1500 losses=['2.528', '4.837', '1.888', '7.376'] elapsed=179s eta=89s
[med_do_ln] Logic 600/1500 losses=['2.445', '4.483', '1.643', '6.874'] elapsed=112s eta=167s
[med_do_noclamp] Logic 1100/1500 losses=['2.511', '4.866', '1.849', '7.311'] elapsed=197s eta=72s
[med_do_noclamp] Logic 1200/1500 losses=['2.518', '4.837', '1.867', '7.392'] elapsed=215s eta=54s
[med_do_ln] Logic 700/1500 losses=['2.419', '4.537', '1.658', '6.908'] elapsed=130s eta=148s
[med_do_noclamp] Logic 1300/1500 losses=['2.517', '4.899', '1.898', '7.520'] elapsed=232s eta=36s
[med_do_ln] Logic 800/1500 losses=['2.432', '4.503', '1.650', '7.013'] elapsed=148s eta=129s
[med_do_noclamp] Logic 1400/1500 losses=['2.535', '4.898', '1.912', '7.567'] elapsed=250s eta=18s
[med_do_ln] Logic 900/1500 losses=['2.428', '4.458', '1.645', '7.036'] elapsed=166s eta=110s
[med_do_noclamp] Logic DONE in 268s final=['2.5259', '4.9362', '1.9413', '7.6142']
[med_do_ln] Logic 1000/1500 losses=['2.425', '4.502', '1.638', '7.045'] elapsed=184s eta=92s
[med_do_noclamp] Spell 0/1500 losses=['2.527', '4.930', '1.910', '7.377'] elapsed=4s eta=0s
[med_do_ln] Logic 1100/1500 losses=['2.416', '4.541', '1.697', '7.042'] elapsed=201s eta=73s
[med_do_noclamp] Spell 100/1500 losses=['2.549', '5.075', '2.025', '1.123'] elapsed=22s eta=299s
[med_do_ln] Logic 1200/1500 losses=['2.420', '4.583', '1.672', '7.182'] elapsed=219s eta=55s
[med_do_noclamp] Spell 200/1500 losses=['2.559', '4.907', '2.099', '1.066'] elapsed=40s eta=257s
[med_do_ln] Logic 1300/1500 losses=['2.406', '4.595', '1.683', '7.076'] elapsed=238s eta=36s
[med_do_noclamp] Spell 300/1500 losses=['2.543', '4.945', '2.099', '1.042'] elapsed=58s eta=230s
[med_do_ln] Logic 1400/1500 losses=['2.415', '4.593', '1.726', '7.313'] elapsed=255s eta=18s
[med_do_noclamp] Spell 400/1500 losses=['2.547', '4.891', '2.104', '1.030'] elapsed=76s eta=207s
[med_do_ln] Logic DONE in 273s final=['2.4097', '4.6303', '1.7266', '7.2376']
[med_do_noclamp] Spell 500/1500 losses=['2.558', '4.863', '2.046', '1.017'] elapsed=93s eta=186s
[med_do_ln] Spell 0/1500 losses=['2.417', '4.693', '1.729', '6.960'] elapsed=4s eta=0s
[med_do_noclamp] Spell 600/1500 losses=['2.553', '4.881', '2.068', '1.011'] elapsed=111s eta=166s
[med_do_ln] Spell 100/1500 losses=['2.360', '5.544', '1.885', '1.173'] elapsed=22s eta=307s
[med_do_noclamp] Spell 700/1500 losses=['2.550', '4.849', '2.183', '1.014'] elapsed=129s eta=147s
[med_do_ln] Spell 200/1500 losses=['2.370', '5.284', '1.859', '1.091'] elapsed=40s eta=257s
[med_do_noclamp] Spell 800/1500 losses=['2.549', '4.856', '2.173', '1.009'] elapsed=147s eta=128s
[med_do_ln] Spell 300/1500 losses=['2.362', '5.411', '1.877', '1.056'] elapsed=58s eta=229s
[med_do_noclamp] Spell 900/1500 losses=['2.543', '4.888', '2.224', '1.005'] elapsed=165s eta=110s
[med_do_ln] Spell 400/1500 losses=['2.360', '5.492', '1.882', '1.045'] elapsed=76s eta=208s
[med_do_noclamp] Spell 1000/1500 losses=['2.526', '4.827', '2.274', '1.006'] elapsed=183s eta=91s
[med_do_ln] Spell 500/1500 losses=['2.354', '5.404', '1.876', '1.033'] elapsed=94s eta=187s
[med_do_noclamp] Spell 1100/1500 losses=['2.526', '4.898', '2.410', '1.003'] elapsed=200s eta=73s
[med_do_ln] Spell 600/1500 losses=['2.346', '5.263', '1.888', '1.004'] elapsed=111s eta=167s
[med_do_noclamp] Spell 1200/1500 losses=['2.549', '4.943', '2.338', '1.003'] elapsed=218s eta=54s
[med_do_ln] Spell 700/1500 losses=['2.354', '5.338', '1.935', '1.018'] elapsed=129s eta=148s
[med_do_noclamp] Spell 1300/1500 losses=['2.530', '4.905', '2.388', '1.004'] elapsed=236s eta=36s
[med_do_ln] Spell 800/1500 losses=['2.358', '5.393', '1.903', '0.990'] elapsed=148s eta=129s
[med_do_noclamp] Spell 1400/1500 losses=['2.550', '4.896', '2.377', '0.998'] elapsed=254s eta=18s
[med_do_ln] Spell 900/1500 losses=['2.364', '5.420', '1.952', '0.992'] elapsed=166s eta=110s
[med_do_noclamp] Spell DONE in 271s final=['2.5510', '4.9026', '2.3942', '0.9995']
[med_do_noclamp] FINISHED in 1529s (25.5min)
[med_do_noclamp] Saved results to /home/ubuntu/DoubleO/scripts/../data/sweep/med_do_noclamp.json
[med_do_ln] Spell 1000/1500 losses=['2.376', '5.407', '1.988', '1.006'] elapsed=183s eta=91s
[med_do_ln] Spell 1100/1500 losses=['2.379', '5.430', '1.982', '0.967'] elapsed=200s eta=73s
[med_do_ln] Spell 1200/1500 losses=['2.375', '5.393', '2.067', '0.971'] elapsed=217s eta=54s
[med_do_ln] Spell 1300/1500 losses=['2.362', '5.397', '2.078', '0.965'] elapsed=234s eta=36s
[med_do_ln] Spell 1400/1500 losses=['2.381', '5.427', '2.075', '0.946'] elapsed=251s eta=18s
[med_do_ln] Spell DONE in 268s final=['2.3727', '5.4343', '2.1041', '0.9431']
[med_do_ln] FINISHED in 1532s (25.5min)
[med_do_ln] Saved results to /home/ubuntu/DoubleO/scripts/../data/sweep/med_do_ln.json

============================================================
  ALL ARMS COMPLETE — 47.8 minutes total
============================================================
  small_std            avg_forget=+3.2507 time=8.4min
  small_do             avg_forget=+0.6846 time=11.6min
  med_std              avg_forget=+4.0287 time=20.8min
  med_do               avg_forget=+0.4270 time=28.8min
  med_do_2task         avg_forget=+0.0421 time=13.7min
  med_do_3task         avg_forget=+0.3194 time=20.7min
  med_do_noclamp       avg_forget=+0.1890 time=25.5min
  med_do_ln            avg_forget=+0.3712 time=25.5min

Aggregated results: /home/ubuntu/DoubleO/scripts/../data/sweep/sweep_all.json

Saved chart to /home/ubuntu/DoubleO/scripts/../data/sweep/sweep_results.png

Done.
